> dta.raw <- read.csv("data3.csv", header=T)
> dta.d <- dta[,c(-1,-32,-33)]
> dta.nona <- na.omit(dta.d)
>
> show(apply(apply(dta.d, 2, is.na), 2, sum)/384)
         a2          a3          a4          a5          a6          a7
0.000000000 0.000000000 0.005208333 0.002604167 0.002604167 0.002604167
         b1          b2          b3          b4          b5          c1
0.002604167 0.005208333 0.002604167 0.000000000 0.002604167 0.002604167
         c2          c3          c4          c5          c6          c7
0.000000000 0.000000000 0.000000000 0.005208333 0.000000000 0.000000000
         e1          e2          e3          e4          e5          e6
0.002604167 0.000000000 0.002604167 0.000000000 0.000000000 0.000000000
         f1          f2          f3          f4          f5
0.000000000 0.000000000 0.000000000 0.000000000 0.000000000
>
> my_summary <- function(x) {
+
+  require(moments)
+
+  funs <- c(mean, sd, skewness, kurtosis)
+
+  sapply(funs, function(f) f(x, na.rm = TRUE))
+
+ }
>
>
>
> dta_desc <- apply(dta.nona, 2, my_summary)
>
> rownames(dta_desc) <- c("平均", "標準差", "偏態", "峰度")
>
> rslt1 <- as.data.frame(t(dta_desc))
>
> round(rslt1,3)
    平均 標準差   偏態  峰度
a2 4.024  1.377 -0.031 2.866
a3 3.813  1.349 -0.162 2.721
a4 3.537  1.331  0.022 2.667
a5 3.987  1.384 -0.195 2.851
a6 3.198  1.391  0.159 2.266
a7 3.187  1.505  0.232 2.271
b1 4.238  1.162 -0.246 3.550
b2 4.412  1.224 -0.235 3.144
b3 4.337  1.108 -0.148 3.638
b4 4.393  1.191 -0.222 3.359
b5 4.142  1.212 -0.037 3.472
c1 4.094  1.167 -0.243 3.566
c2 3.821  1.220 -0.081 3.279
c3 3.799  1.234 -0.232 3.287
c4 4.265  1.104 -0.357 3.880
c5 4.184  1.149 -0.194 3.304
c6 4.086  1.311 -0.158 2.893
c7 3.979  1.324 -0.155 3.038
e1 4.179  1.128  0.037 3.198
e2 4.166  1.122 -0.204 3.549
e3 4.471  1.180 -0.376 3.600
e4 4.270  1.153 -0.203 3.466
e5 4.364  1.069  0.133 3.640
e6 4.529  1.193 -0.037 3.264
f1 4.821  1.186 -0.239 3.263
f2 4.610  1.202 -0.208 2.987
f3 4.388  1.235 -0.254 3.408
f4 4.345  1.217 -0.137 3.264
f5 4.283  1.356 -0.103 2.842
>
> require(psych)
> library(GPArotation)
> KMO(dta)
Kaiser-Meyer-Olkin factor adequacy
Call: KMO(r = dta)
Overall MSA =  0.93
MSA for each item =
  a1   a2   a3   a4   a5   a6   a7   b1   b2   b3   b4   b5   c1   c2   c3   c4
0.91 0.89 0.90 0.90 0.58 0.89 0.87 0.94 0.93 0.95 0.93 0.92 0.94 0.90 0.90 0.95
  c5   c6   c7   e1   e2   e3   e4   e5   e6   f1   f2   f3   f4   f5
0.95 0.92 0.96 0.94 0.93 0.96 0.93 0.93 0.95 0.94 0.94 0.93 0.93 0.94
>
>
> print.psych(fa(dta, nfactor = 5, fm = "pa", rotate = "promax"), cut = .3)
Factor Analysis using method =  pa
Call: fa(r = dta, nfactors = 5, rotate = "promax", fm = "pa")
Standardized loadings (pattern matrix) based upon correlation matrix
     PA3   PA1   PA4   PA2   PA5    h2   u2 com
a1                    0.79       0.575 0.43 1.2
a2                    0.74       0.593 0.41 1.2
a3                    0.70       0.553 0.45 1.2
a4                    0.60       0.403 0.60 1.1
a5                               0.032 0.97 3.0
a6                    0.67       0.465 0.53 1.1
a7                    0.68       0.444 0.56 1.0
b1  0.74                         0.565 0.43 1.1
b2  0.75                         0.620 0.38 1.1
b3  0.76                         0.525 0.48 1.1
b4  0.74                         0.535 0.47 1.1
b5  0.57                         0.380 0.62 1.1
c1                          0.52 0.519 0.48 1.6
c2                          0.90 0.686 0.31 1.2
c3                          0.83 0.535 0.47 1.1
c4  0.40                    0.41 0.469 0.53 2.1
c5  0.44                    0.40 0.535 0.47 2.3
c6                          0.42 0.389 0.61 1.9
c7                          0.37 0.428 0.57 1.8
e1              0.65             0.505 0.50 1.1
e2              0.88             0.666 0.33 1.0
e3              0.72             0.603 0.40 1.0
e4              0.86             0.721 0.28 1.0
e5              0.54             0.516 0.48 1.2
e6              0.42             0.466 0.53 1.7
f1        0.66                   0.560 0.44 1.5
f2        0.78                   0.695 0.30 1.0
f3        0.81                   0.699 0.30 1.1
f4        0.82                   0.661 0.34 1.1
f5        0.66                   0.599 0.40 1.2

                       PA3  PA1  PA4  PA2  PA5
SS loadings           3.49 3.55 3.23 3.07 2.60
Proportion Var        0.12 0.12 0.11 0.10 0.09
Cumulative Var        0.12 0.23 0.34 0.44 0.53
Proportion Explained  0.22 0.22 0.20 0.19 0.16
Cumulative Proportion 0.22 0.44 0.64 0.84 1.00

 With factor correlations of
     PA3  PA1  PA4  PA2  PA5
PA3 1.00 0.52 0.58 0.50 0.70
PA1 0.52 1.00 0.61 0.35 0.47
PA4 0.58 0.61 1.00 0.41 0.53
PA2 0.50 0.35 0.41 1.00 0.46
PA5 0.70 0.47 0.53 0.46 1.00

Mean item complexity =  1.3
Test of the hypothesis that 5 factors are sufficient.

The degrees of freedom for the null model are  435  and the objective function was  16.58 with Chi Square of  6169.22
The degrees of freedom for the model are 295  and the objective function was  1.8

The root mean square of the residuals (RMSR) is  0.03
The df corrected root mean square of the residuals is  0.04

The harmonic number of observations is  383 with the empirical chi square  318.96  with prob <  0.16
The total number of observations was  384  with Likelihood Chi Square =  662.25  with prob <  3e-30

Tucker Lewis Index of factoring reliability =  0.905
RMSEA index =  0.059  and the 90 % confidence intervals are  0.051 0.063
BIC =  -1093.19
Fit based upon off diagonal values = 0.99
Measures of factor score adequacy
                                                   PA3  PA1  PA4  PA2  PA5
Correlation of (regression) scores with factors   0.94 0.95 0.95 0.93 0.93
Multiple R square of scores with factors          0.89 0.90 0.90 0.87 0.87
Minimum correlation of possible factor scores     0.78 0.80 0.80 0.74 0.75
>
> dta.del <- dta[c(-5,-16,-17)]
> print.psych(fa(dta.del, nfactor = 5, fm = "pa", rotate = "promax"), cut = .3)
Factor Analysis using method =  pa
Call: fa(r = dta.del, nfactors = 5, rotate = "promax", fm = "pa")
Standardized loadings (pattern matrix) based upon correlation matrix
     PA3   PA4   PA2   PA1   PA5   h2   u2 com
a1              0.78             0.57 0.43 1.2
a2              0.75             0.60 0.40 1.1
a3              0.71             0.56 0.44 1.1
a4              0.60             0.39 0.61 1.1
a6              0.68             0.46 0.54 1.1
a7              0.69             0.44 0.56 1.1
b1                    0.73       0.56 0.44 1.1
b2                    0.72       0.60 0.40 1.0
b3                    0.81       0.54 0.46 1.1
b4                    0.79       0.56 0.44 1.0
b5                    0.60       0.39 0.61 1.1
c1                    0.32  0.51 0.51 0.49 1.7
c2                          0.94 0.75 0.25 1.1
c3                          0.81 0.54 0.46 1.0
c6                          0.36 0.35 0.65 2.1
c7                          0.35 0.42 0.58 2.0
e1        0.66                   0.50 0.50 1.1
e2        0.90                   0.66 0.34 1.0
e3        0.74                   0.60 0.40 1.0
e4        0.89                   0.73 0.27 1.0
e5        0.56                   0.52 0.48 1.1
e6        0.44                   0.47 0.53 1.6
f1  0.69                         0.56 0.44 1.4
f2  0.83                         0.69 0.31 1.0
f3  0.87                         0.70 0.30 1.0
f4  0.90                         0.67 0.33 1.1
f5  0.70                         0.60 0.40 1.1

                       PA3  PA4  PA2  PA1  PA5
SS loadings           3.55 3.26 3.07 2.99 2.09
Proportion Var        0.13 0.12 0.11 0.11 0.08
Cumulative Var        0.13 0.25 0.37 0.48 0.55
Proportion Explained  0.24 0.22 0.21 0.20 0.14
Cumulative Proportion 0.24 0.46 0.66 0.86 1.00

 With factor correlations of
     PA3  PA4  PA2  PA1  PA5
PA3 1.00 0.64 0.48 0.65 0.54
PA4 0.64 1.00 0.45 0.64 0.56
PA2 0.48 0.45 1.00 0.49 0.48
PA1 0.65 0.64 0.49 1.00 0.65
PA5 0.54 0.56 0.48 0.65 1.00

Mean item complexity =  1.2
Test of the hypothesis that 5 factors are sufficient.

The degrees of freedom for the null model are  351  and the objective function was  15.14 with Chi Square of  5649.35
The degrees of freedom for the model are 226  and the objective function was  1.49

The root mean square of the residuals (RMSR) is  0.03
The df corrected root mean square of the residuals is  0.04

The harmonic number of observations is  383 with the empirical chi square  249.9  with prob <  0.13
The total number of observations was  384  with Likelihood Chi Square =  550.62  with prob <  4.2e-29

Tucker Lewis Index of factoring reliability =  0.904
RMSEA index =  0.063  and the 90 % confidence intervals are  0.055 0.068
BIC =  -794.23
Fit based upon off diagonal values = 0.99
Measures of factor score adequacy
                                                   PA3  PA4  PA2  PA1  PA5
Correlation of (regression) scores with factors   0.96 0.95 0.93 0.94 0.93
Multiple R square of scores with factors          0.92 0.91 0.87 0.89 0.87
Minimum correlation of possible factor scores     0.83 0.81 0.75 0.77 0.75
>
>
> dta.del <- dta[c(-5,-16,-17)]
>
>
>
>
>
>
>
>
>
>
>
> dta.raw <- read.csv("data3.csv", header=T)
> dta.d <- dta[,c(-1,-32,-33)]
> dta.nona <- na.omit(dta.d)
>
> show(apply(apply(dta.d, 2, is.na), 2, sum)/384)
         a2          a3          a4          a5          a6          a7
0.000000000 0.000000000 0.005208333 0.002604167 0.002604167 0.002604167
         b1          b2          b3          b4          b5          c1
0.002604167 0.005208333 0.002604167 0.000000000 0.002604167 0.002604167
         c2          c3          c4          c5          c6          c7
0.000000000 0.000000000 0.000000000 0.005208333 0.000000000 0.000000000
         e1          e2          e3          e4          e5          e6
0.002604167 0.000000000 0.002604167 0.000000000 0.000000000 0.000000000
         f1          f2          f3          f4          f5
0.000000000 0.000000000 0.000000000 0.000000000 0.000000000
>
> my_summary <- function(x) {
+
+  require(moments)
+
+  funs <- c(mean, sd, skewness, kurtosis)
+
+  sapply(funs, function(f) f(x, na.rm = TRUE))
+
+ }
>
>
>
> dta_desc <- apply(dta.nona, 2, my_summary)
>
> rownames(dta_desc) <- c("平均", "標準差", "偏態", "峰度")
>
> rslt1 <- as.data.frame(t(dta_desc))
>
> round(rslt1,3)
    平均 標準差   偏態  峰度
a2 4.024  1.377 -0.031 2.866
a3 3.813  1.349 -0.162 2.721
a4 3.537  1.331  0.022 2.667
a5 3.987  1.384 -0.195 2.851
a6 3.198  1.391  0.159 2.266
a7 3.187  1.505  0.232 2.271
b1 4.238  1.162 -0.246 3.550
b2 4.412  1.224 -0.235 3.144
b3 4.337  1.108 -0.148 3.638
b4 4.393  1.191 -0.222 3.359
b5 4.142  1.212 -0.037 3.472
c1 4.094  1.167 -0.243 3.566
c2 3.821  1.220 -0.081 3.279
c3 3.799  1.234 -0.232 3.287
c4 4.265  1.104 -0.357 3.880
c5 4.184  1.149 -0.194 3.304
c6 4.086  1.311 -0.158 2.893
c7 3.979  1.324 -0.155 3.038
e1 4.179  1.128  0.037 3.198
e2 4.166  1.122 -0.204 3.549
e3 4.471  1.180 -0.376 3.600
e4 4.270  1.153 -0.203 3.466
e5 4.364  1.069  0.133 3.640
e6 4.529  1.193 -0.037 3.264
f1 4.821  1.186 -0.239 3.263
f2 4.610  1.202 -0.208 2.987
f3 4.388  1.235 -0.254 3.408
f4 4.345  1.217 -0.137 3.264
f5 4.283  1.356 -0.103 2.842
>
> require(psych)
> library(GPArotation)
> KMO(dta.nona)
Kaiser-Meyer-Olkin factor adequacy
Call: KMO(r = dta.nona)
Overall MSA =  0.93
MSA for each item =
  a2   a3   a4   a5   a6   a7   b1   b2   b3   b4   b5   c1   c2   c3   c4   c5
0.87 0.88 0.89 0.58 0.88 0.85 0.94 0.93 0.95 0.94 0.93 0.95 0.90 0.91 0.96 0.95
  c6   c7   e1   e2   e3   e4   e5   e6   f1   f2   f3   f4   f5
0.92 0.96 0.94 0.94 0.96 0.93 0.92 0.94 0.95 0.94 0.93 0.93 0.94
>
>
> print.psych(fa(dta.nona, nfactor = 5, fm = "pa", rotate = "promax"), cut = .3)
Factor Analysis using method =  pa
Call: fa(r = dta.nona, nfactors = 5, rotate = "promax", fm = "pa")
Standardized loadings (pattern matrix) based upon correlation matrix
     PA1   PA3   PA4   PA2   PA5    h2   u2 com
a2                    0.66       0.519 0.48 1.3
a3                    0.64       0.512 0.49 1.3
a4                    0.64       0.433 0.57 1.0
a5                               0.039 0.96 3.1
a6                    0.72       0.500 0.50 1.0
a7                    0.75       0.510 0.49 1.1
b1  0.74                         0.565 0.44 1.1
b2  0.76                         0.620 0.38 1.1
b3  0.75                         0.527 0.47 1.1
b4  0.74                         0.543 0.46 1.0
b5  0.56                         0.387 0.61 1.1
c1                          0.51 0.526 0.47 1.6
c2                          0.89 0.681 0.32 1.1
c3                          0.82 0.537 0.46 1.1
c4  0.42                    0.39 0.467 0.53 2.1
c5  0.45                    0.39 0.540 0.46 2.2
c6                          0.41 0.383 0.62 2.1
c7                          0.37 0.429 0.57 1.8
e1              0.66             0.514 0.49 1.1
e2              0.88             0.662 0.34 1.0
e3              0.72             0.605 0.39 1.0
e4              0.85             0.718 0.28 1.0
e5              0.53             0.524 0.48 1.2
e6              0.44             0.472 0.53 1.6
f1  0.30  0.63                   0.567 0.43 1.8
f2        0.78                   0.695 0.30 1.0
f3        0.84                   0.716 0.28 1.1
f4        0.82                   0.659 0.34 1.1
f5        0.72                   0.632 0.37 1.1

                       PA1  PA3  PA4  PA2  PA5
SS loadings           3.58 3.56 3.24 2.53 2.57
Proportion Var        0.12 0.12 0.11 0.09 0.09
Cumulative Var        0.12 0.25 0.36 0.45 0.53
Proportion Explained  0.23 0.23 0.21 0.16 0.17
Cumulative Proportion 0.23 0.46 0.67 0.83 1.00

 With factor correlations of
     PA1  PA3  PA4  PA2  PA5
PA1 1.00 0.55 0.57 0.52 0.69
PA3 0.55 1.00 0.63 0.36 0.47
PA4 0.57 0.63 1.00 0.41 0.52
PA2 0.52 0.36 0.41 1.00 0.48
PA5 0.69 0.47 0.52 0.48 1.00

Mean item complexity =  1.4
Test of the hypothesis that 5 factors are sufficient.

The degrees of freedom for the null model are  406  and the objective function was  16.07 with Chi Square of  5825.94
The degrees of freedom for the model are 271  and the objective function was  1.73

The root mean square of the residuals (RMSR) is  0.03
The df corrected root mean square of the residuals is  0.04

The harmonic number of observations is  374 with the empirical chi square  291.64  with prob <  0.19
The total number of observations was  374  with Likelihood Chi Square =  622.05  with prob <  1.2e-29

Tucker Lewis Index of factoring reliability =  0.902
RMSEA index =  0.061  and the 90 % confidence intervals are  0.053 0.065
BIC =  -983.42
Fit based upon off diagonal values = 0.99
Measures of factor score adequacy
                                                   PA1  PA3  PA4  PA2  PA5
Correlation of (regression) scores with factors   0.94 0.95 0.95 0.92 0.93
Multiple R square of scores with factors          0.89 0.91 0.90 0.84 0.87
Minimum correlation of possible factor scores     0.78 0.82 0.80 0.68 0.74
>
> dta.del <- dta.nona[c(-5,-16,-17)]
> print.psych(fa(dta.del, nfactor = 5, fm = "pa", rotate = "promax"), cut = .3)
Factor Analysis using method =  pa
Call: fa(r = dta.del, nfactors = 5, rotate = "promax", fm = "pa")
Standardized loadings (pattern matrix) based upon correlation matrix
     PA4   PA2   PA1   PA3   PA5    h2   u2 com
a2                    0.78       0.601 0.40 1.1
a3                    0.78       0.616 0.38 1.1
a4                    0.63       0.411 0.59 1.0
a5                               0.032 0.97 3.2
a7                    0.61       0.368 0.63 1.1
b1        0.75                   0.572 0.43 1.1
b2        0.75                   0.614 0.39 1.1
b3        0.75                   0.528 0.47 1.0
b4        0.76                   0.566 0.43 1.0
b5        0.57                   0.394 0.61 1.1
c1        0.33              0.47 0.513 0.49 2.0
c2                          0.88 0.723 0.28 1.0
c3                          0.83 0.585 0.41 1.0
c4        0.43              0.33 0.438 0.56 2.0
c7                          0.30 0.402 0.60 2.6
e1  0.66                         0.511 0.49 1.1
e2  0.91                         0.654 0.35 1.0
e3  0.76                         0.606 0.39 1.0
e4  0.90                         0.722 0.28 1.0
e5  0.58                         0.529 0.47 1.1
e6  0.48                         0.482 0.52 1.5
f1              0.62             0.565 0.43 1.7
f2              0.76             0.691 0.31 1.0
f3              0.84             0.729 0.27 1.1
f4              0.83             0.668 0.33 1.1
f5              0.71             0.632 0.37 1.1

                       PA4  PA2  PA1  PA3  PA5
SS loadings           3.35 3.25 3.43 2.13 1.99
Proportion Var        0.13 0.13 0.13 0.08 0.08
Cumulative Var        0.13 0.25 0.39 0.47 0.54
Proportion Explained  0.24 0.23 0.24 0.15 0.14
Cumulative Proportion 0.24 0.47 0.71 0.86 1.00

 With factor correlations of
     PA4  PA2  PA1  PA3  PA5
PA4 1.00 0.61 0.65 0.45 0.53
PA2 0.61 1.00 0.51 0.56 0.65
PA1 0.65 0.51 1.00 0.37 0.38
PA3 0.45 0.56 0.37 1.00 0.51
PA5 0.53 0.65 0.38 0.51 1.00

Mean item complexity =  1.3
Test of the hypothesis that 5 factors are sufficient.

The degrees of freedom for the null model are  325  and the objective function was  14.1 with Chi Square of  5127.06
The degrees of freedom for the model are 205  and the objective function was  1.19

The root mean square of the residuals (RMSR) is  0.03
The df corrected root mean square of the residuals is  0.04

The harmonic number of observations is  374 with the empirical chi square  193.05  with prob <  0.72
The total number of observations was  374  with Likelihood Chi Square =  429.8  with prob <  4.9e-18

Tucker Lewis Index of factoring reliability =  0.925
RMSEA index =  0.056  and the 90 % confidence intervals are  0.047 0.061
BIC =  -784.68
Fit based upon off diagonal values = 0.99
Measures of factor score adequacy
                                                   PA4  PA2  PA1  PA3  PA5
Correlation of (regression) scores with factors   0.95 0.94 0.95 0.91 0.93
Multiple R square of scores with factors          0.91 0.88 0.90 0.83 0.86
Minimum correlation of possible factor scores     0.82 0.77 0.81 0.66 0.72
>
>
>
>
> head(dta.nona)
  a2 a3 a4 a5 a6 a7 b1 b2 b3 b4 b5 c1 c2 c3 c4 c5 c6 c7 e1 e2 e3 e4 e5 e6 f1 f2
1  3  2  4  7  2  2  4  4  5  5  4  4  2  1  5  4  4  3  2  4  4  3  4  3  5  3
2  1  2  2  4  4  4  5  5  5  6  4  4  4  4  4  4  4  5  4  4  5  5  4  4  5  5
3  4  4  4  4  4  4  4  5  4  5  4  4  4  4  4  4  4  4  4  4  5  5  5  5  5  5
4  2  3  2  2  2  2  5  5  4  4  4  2  2  2  4  3  1  1  2  2  2  2  3  4  5  3
5  7  5  5  4  6  7  6  5  6  6  6  4  5  2  7  5  4  5  6  5  7  6  4  6  6  6
6  4  4  2  3  1  2  4  4  3  4  2  1  2  3  4  2  1  1  4  4  5  4  4  5  5  5
  f3 f4 f5
1  3  4  3
2  5  5  5
3  4  4  5
4  3  3  3
5  6  6  5
6  5  5  3
> head(dta.d)
  a2 a3 a4 a5 a6 a7 b1 b2 b3 b4 b5 c1 c2 c3 c4 c5 c6 c7 e1 e2 e3 e4 e5 e6 f1 f2
1  3  2  4  7  2  2  4  4  5  5  4  4  2  1  5  4  4  3  2  4  4  3  4  3  5  3
2  1  2  2  4  4  4  5  5  5  6  4  4  4  4  4  4  4  5  4  4  5  5  4  4  5  5
3  4  4  4  4  4  4  4  5  4  5  4  4  4  4  4  4  4  4  4  4  5  5  5  5  5  5
4  2  3  2  2  2  2  5  5  4  4  4  2  2  2  4  3  1  1  2  2  2  2  3  4  5  3
5  7  5  5  4  6  7  6  5  6  6  6  4  5  2  7  5  4  5  6  5  7  6  4  6  6  6
6  4  4  2  3  1  2  4  4  3  4  2  1  2  3  4  2  1  1  4  4  5  4  4  5  5  5
  f3 f4 f5
1  3  4  3
2  5  5  5
3  4  4  5
4  3  3  3
5  6  6  5
6  5  5  3
> head(dta.raw)
  id a1 a2 a3 a4 a5 a6 a7 b1 b2 b3 b4 b5 c1 c2 c3 c4 c5 c6 c7 e1 e2 e3 e4 e5 e6
1  1  2  3  2  4  7  2  2  4  4  5  5  4  4  2  1  5  4  4  3  2  4  4  3  4  3
2  2  2  1  2  2  4  4  4  5  5  5  6  4  4  4  4  4  4  4  5  4  4  5  5  4  4
3  3  4  4  4  4  4  4  4  4  5  4  5  4  4  4  4  4  4  4  4  4  4  5  5  5  5
4  4  2  2  3  2  2  2  2  5  5  4  4  4  2  2  2  4  3  1  1  2  2  2  2  3  4
5  5  5  7  5  5  4  6  7  6  5  6  6  6  4  5  2  7  5  4  5  6  5  7  6  4  6
6  6  2  4  4  2  3  1  2  4  4  3  4  2  1  2  3  4  2  1  1  4  4  5  4  4  5
  f1 f2 f3 f4 f5 g1 g2
1  5  3  3  4  3  1  4
2  5  5  5  5  5  1  4
3  5  5  4  4  5  2  4
4  5  3  3  3  3  2  4
5  6  6  6  6  5  2  4
6  5  5  5  5  3  2  4
> head(dta.raw)
  id a1 a2 a3 a4 a5 a6 a7 b1 b2 b3 b4 b5 c1 c2 c3 c4 c5 c6 c7 e1 e2 e3 e4 e5 e6
1  1  2  3  2  4  7  2  2  4  4  5  5  4  4  2  1  5  4  4  3  2  4  4  3  4  3
2  2  2  1  2  2  4  4  4  5  5  5  6  4  4  4  4  4  4  4  5  4  4  5  5  4  4
3  3  4  4  4  4  4  4  4  4  5  4  5  4  4  4  4  4  4  4  4  4  4  5  5  5  5
4  4  2  2  3  2  2  2  2  5  5  4  4  4  2  2  2  4  3  1  1  2  2  2  2  3  4
5  5  5  7  5  5  4  6  7  6  5  6  6  6  4  5  2  7  5  4  5  6  5  7  6  4  6
6  6  2  4  4  2  3  1  2  4  4  3  4  2  1  2  3  4  2  1  1  4  4  5  4  4  5
  f1 f2 f3 f4 f5 g1 g2
1  5  3  3  4  3  1  4
2  5  5  5  5  5  1  4
3  5  5  4  4  5  2  4
4  5  3  3  3  3  2  4
5  6  6  6  6  5  2  4
6  5  5  5  5  3  2  4
>
>
>
>
>
>
>
>
>
> rm(raw)
Warning message:
In rm(raw) : object 'raw' not found
> rm('raw')
Warning message:
In rm("raw") : object 'raw' not found
> del
delayedAssign    delete.response  deltat
> del
delayedAssign    delete.response  deltat
> object
objects      object.size
> object
objects      object.size
> object.size
object.size
> object.size
object.size
> object.size
object.size
> ls()
 [1] "data"       "dta"        "dta.d"      "dta.del"    "dta_desc"
 [6] "dta.nona"   "dta.raw"    "dtb"        "my_summary" "rslt1"
> rm
rm          rms.curv    rmssd       rmultinom   rmv.blanks
> rm
rm          rms.curv    rmssd       rmultinom   rmv.blanks
> rm('dta')
> ls()
[1] "data"       "dta.d"      "dta.del"    "dta_desc"   "dta.nona"
[6] "dta.raw"    "dtb"        "my_summary" "rslt1"
> dta.raw <- read.csv("data3.csv", header=T)
> dta.d <- dta.raw[,c(-1,-32,-33)]
> dta.nona <- na.omit(dta.d)
>
> show(apply(apply(dta.d, 2, is.na), 2, sum)/384)
         a1          a2          a3          a4          a5          a6
0.000000000 0.000000000 0.000000000 0.005208333 0.002604167 0.002604167
         a7          b1          b2          b3          b4          b5
0.002604167 0.002604167 0.005208333 0.002604167 0.000000000 0.002604167
         c1          c2          c3          c4          c5          c6
0.002604167 0.000000000 0.000000000 0.000000000 0.005208333 0.000000000
         c7          e1          e2          e3          e4          e5
0.000000000 0.002604167 0.000000000 0.002604167 0.000000000 0.000000000
         e6          f1          f2          f3          f4          f5
0.000000000 0.000000000 0.000000000 0.000000000 0.000000000 0.000000000
>
> my_summary <- function(x) {
+
+  require(moments)
+
+  funs <- c(mean, sd, skewness, kurtosis)
+
+  sapply(funs, function(f) f(x, na.rm = TRUE))
+
+ }
>
>
>
> dta_desc <- apply(dta.nona, 2, my_summary)
>
> rownames(dta_desc) <- c("平均", "標準差", "偏態", "峰度")
>
> rslt1 <- as.data.frame(t(dta_desc))
>
> round(rslt1,3)
    平均 標準差   偏態  峰度
a1 3.620  1.324  0.034 2.748
a2 4.024  1.377 -0.031 2.866
a3 3.813  1.349 -0.162 2.721
a4 3.537  1.331  0.022 2.667
a5 3.987  1.384 -0.195 2.851
a6 3.198  1.391  0.159 2.266
a7 3.187  1.505  0.232 2.271
b1 4.238  1.162 -0.246 3.550
b2 4.412  1.224 -0.235 3.144
b3 4.337  1.108 -0.148 3.638
b4 4.393  1.191 -0.222 3.359
b5 4.142  1.212 -0.037 3.472
c1 4.094  1.167 -0.243 3.566
c2 3.821  1.220 -0.081 3.279
c3 3.799  1.234 -0.232 3.287
c4 4.265  1.104 -0.357 3.880
c5 4.184  1.149 -0.194 3.304
c6 4.086  1.311 -0.158 2.893
c7 3.979  1.324 -0.155 3.038
e1 4.179  1.128  0.037 3.198
e2 4.166  1.122 -0.204 3.549
e3 4.471  1.180 -0.376 3.600
e4 4.270  1.153 -0.203 3.466
e5 4.364  1.069  0.133 3.640
e6 4.529  1.193 -0.037 3.264
f1 4.821  1.186 -0.239 3.263
f2 4.610  1.202 -0.208 2.987
f3 4.388  1.235 -0.254 3.408
f4 4.345  1.217 -0.137 3.264
f5 4.283  1.356 -0.103 2.842
>
> require(psych)
> library(GPArotation)
> KMO(dta.nona)
Kaiser-Meyer-Olkin factor adequacy
Call: KMO(r = dta.nona)
Overall MSA =  0.93
MSA for each item =
  a1   a2   a3   a4   a5   a6   a7   b1   b2   b3   b4   b5   c1   c2   c3   c4
0.91 0.89 0.91 0.91 0.59 0.89 0.87 0.94 0.93 0.95 0.94 0.93 0.94 0.90 0.91 0.95
  c5   c6   c7   e1   e2   e3   e4   e5   e6   f1   f2   f3   f4   f5
0.95 0.92 0.96 0.94 0.94 0.96 0.93 0.92 0.94 0.94 0.95 0.93 0.93 0.94
>
>
> print.psych(fa(dta.nona, nfactor = 5, fm = "pa", rotate = "promax"), cut = .3)
Factor Analysis using method =  pa
Call: fa(r = dta.nona, nfactors = 5, rotate = "promax", fm = "pa")
Standardized loadings (pattern matrix) based upon correlation matrix
     PA3   PA2   PA1   PA4   PA5    h2   u2 com
a1        0.79                   0.572 0.43 1.2
a2        0.74                   0.595 0.40 1.2
a3        0.69                   0.557 0.44 1.2
a4        0.62                   0.420 0.58 1.0
a5                               0.038 0.96 3.0
a6        0.67                   0.465 0.54 1.1
a7        0.68                   0.446 0.55 1.1
b1  0.74                         0.563 0.44 1.1
b2  0.76                         0.621 0.38 1.1
b3  0.76                         0.528 0.47 1.1
b4  0.74                         0.545 0.46 1.0
b5  0.57                         0.392 0.61 1.1
c1                          0.51 0.525 0.47 1.6
c2                          0.89 0.684 0.32 1.1
c3                          0.82 0.538 0.46 1.1
c4  0.43                    0.39 0.469 0.53 2.1
c5  0.45                    0.39 0.539 0.46 2.3
c6                          0.41 0.384 0.62 2.0
c7                          0.37 0.428 0.57 1.9
e1                    0.66       0.514 0.49 1.1
e2                    0.87       0.657 0.34 1.0
e3                    0.73       0.607 0.39 1.0
e4                    0.85       0.716 0.28 1.0
e5                    0.53       0.524 0.48 1.2
e6                    0.44       0.474 0.53 1.6
f1              0.64             0.563 0.44 1.6
f2              0.77             0.696 0.30 1.0
f3              0.81             0.707 0.29 1.0
f4              0.80             0.658 0.34 1.1
f5              0.69             0.622 0.38 1.1

                       PA3  PA2  PA1  PA4  PA5
SS loadings           3.60 3.11 3.54 3.24 2.56
Proportion Var        0.12 0.10 0.12 0.11 0.09
Cumulative Var        0.12 0.22 0.34 0.45 0.53
Proportion Explained  0.22 0.19 0.22 0.20 0.16
Cumulative Proportion 0.22 0.42 0.64 0.84 1.00

 With factor correlations of
     PA3  PA2  PA1  PA4  PA5
PA3 1.00 0.51 0.52 0.58 0.69
PA2 0.51 1.00 0.36 0.41 0.47
PA1 0.52 0.36 1.00 0.61 0.46
PA4 0.58 0.41 0.61 1.00 0.52
PA5 0.69 0.47 0.46 0.52 1.00

Mean item complexity =  1.3
Test of the hypothesis that 5 factors are sufficient.

The degrees of freedom for the null model are  435  and the objective function was  16.84 with Chi Square of  6097.66
The degrees of freedom for the model are 295  and the objective function was  1.85

The root mean square of the residuals (RMSR) is  0.03
The df corrected root mean square of the residuals is  0.04

The harmonic number of observations is  374 with the empirical chi square  316.97  with prob <  0.18
The total number of observations was  374  with Likelihood Chi Square =  664.33  with prob <  1.7e-30

Tucker Lewis Index of factoring reliability =  0.903
RMSEA index =  0.06  and the 90 % confidence intervals are  0.052 0.064
BIC =  -1083.33
Fit based upon off diagonal values = 0.99
Measures of factor score adequacy
                                                   PA3  PA2  PA1  PA4  PA5
Correlation of (regression) scores with factors   0.94 0.93 0.95 0.95 0.93
Multiple R square of scores with factors          0.89 0.87 0.90 0.90 0.87
Minimum correlation of possible factor scores     0.78 0.74 0.80 0.80 0.74
>
> dta.del <- dta.nona[c(-5,-16,-17)]
> print.psych(fa(dta.del, nfactor = 5, fm = "pa", rotate = "promax"), cut = .3)
Factor Analysis using method =  pa
Call: fa(r = dta.del, nfactors = 5, rotate = "promax", fm = "pa")
Standardized loadings (pattern matrix) based upon correlation matrix
     PA3   PA4   PA2   PA1   PA5   h2   u2 com
a1              0.79             0.57 0.43 1.1
a2              0.76             0.61 0.39 1.1
a3              0.70             0.56 0.44 1.1
a4              0.62             0.41 0.59 1.1
a6              0.68             0.46 0.54 1.1
a7              0.69             0.44 0.56 1.1
b1                    0.74       0.56 0.44 1.1
b2                    0.74       0.61 0.39 1.0
b3                    0.80       0.54 0.46 1.1
b4                    0.79       0.57 0.43 1.0
b5                    0.60       0.40 0.60 1.2
c1                    0.33  0.50 0.52 0.48 1.8
c2                          0.93 0.75 0.25 1.1
c3                          0.81 0.55 0.45 1.0
c6                          0.35 0.34 0.66 2.2
c7                          0.35 0.42 0.58 2.0
e1        0.66                   0.51 0.49 1.1
e2        0.89                   0.66 0.34 1.0
e3        0.75                   0.61 0.39 1.0
e4        0.88                   0.72 0.28 1.0
e5        0.55                   0.53 0.47 1.2
e6        0.46                   0.48 0.52 1.5
f1  0.67                         0.56 0.44 1.5
f2  0.83                         0.70 0.30 1.0
f3  0.87                         0.71 0.29 1.0
f4  0.89                         0.67 0.33 1.1
f5  0.74                         0.62 0.38 1.1

                       PA3  PA4  PA2  PA1  PA5
SS loadings           3.55 3.28 3.10 3.04 2.08
Proportion Var        0.13 0.12 0.11 0.11 0.08
Cumulative Var        0.13 0.25 0.37 0.48 0.56
Proportion Explained  0.24 0.22 0.21 0.20 0.14
Cumulative Proportion 0.24 0.45 0.66 0.86 1.00

 With factor correlations of
     PA3  PA4  PA2  PA1  PA5
PA3 1.00 0.65 0.49 0.65 0.53
PA4 0.65 1.00 0.46 0.64 0.56
PA2 0.49 0.46 1.00 0.50 0.49
PA1 0.65 0.64 0.50 1.00 0.65
PA5 0.53 0.56 0.49 0.65 1.00

Mean item complexity =  1.2
Test of the hypothesis that 5 factors are sufficient.

The degrees of freedom for the null model are  351  and the objective function was  15.38 with Chi Square of  5585.77
The degrees of freedom for the model are 226  and the objective function was  1.54

The root mean square of the residuals (RMSR) is  0.03
The df corrected root mean square of the residuals is  0.04

The harmonic number of observations is  374 with the empirical chi square  248.47  with prob <  0.15
The total number of observations was  374  with Likelihood Chi Square =  553.41  with prob <  1.8e-29

Tucker Lewis Index of factoring reliability =  0.902
RMSEA index =  0.064  and the 90 % confidence intervals are  0.056 0.069
BIC =  -785.47
Fit based upon off diagonal values = 0.99
Measures of factor score adequacy
                                                   PA3  PA4  PA2  PA1  PA5
Correlation of (regression) scores with factors   0.96 0.95 0.94 0.94 0.93
Multiple R square of scores with factors          0.92 0.91 0.88 0.89 0.87
Minimum correlation of possible factor scores     0.84 0.81 0.75 0.78 0.74
>
>
>
> require(corrplot)
Loading required package: corrplot
>
> corrplot(cor(dta), method="ellipse", type="lower",
+
+  col=gray.colors(200,start = 1, end = 0),tl.col="black")
Error in is.data.frame(x) : object 'dta' not found
>
> my_summary <- function(x) {
+
+  require(moments)
+
+  funs <- c(mean, sd, skewness, kurtosis)
+
+  sapply(funs, function(f) f(x, na.rm = TRUE))
+
+ }
>
> dta_desc <- apply(dta.nona, 2, my_summary)
>
> rownames(dta_desc) <- c("平均", "標準差", "偏態", "峰度")
>
> rslt1 <- as.data.frame(t(dta_desc))
>
> round(rslt1,3)
    平均 標準差   偏態  峰度
a1 3.620  1.324  0.034 2.748
a2 4.024  1.377 -0.031 2.866
a3 3.813  1.349 -0.162 2.721
a4 3.537  1.331  0.022 2.667
a5 3.987  1.384 -0.195 2.851
a6 3.198  1.391  0.159 2.266
a7 3.187  1.505  0.232 2.271
b1 4.238  1.162 -0.246 3.550
b2 4.412  1.224 -0.235 3.144
b3 4.337  1.108 -0.148 3.638
b4 4.393  1.191 -0.222 3.359
b5 4.142  1.212 -0.037 3.472
c1 4.094  1.167 -0.243 3.566
c2 3.821  1.220 -0.081 3.279
c3 3.799  1.234 -0.232 3.287
c4 4.265  1.104 -0.357 3.880
c5 4.184  1.149 -0.194 3.304
c6 4.086  1.311 -0.158 2.893
c7 3.979  1.324 -0.155 3.038
e1 4.179  1.128  0.037 3.198
e2 4.166  1.122 -0.204 3.549
e3 4.471  1.180 -0.376 3.600
e4 4.270  1.153 -0.203 3.466
e5 4.364  1.069  0.133 3.640
e6 4.529  1.193 -0.037 3.264
f1 4.821  1.186 -0.239 3.263
f2 4.610  1.202 -0.208 2.987
f3 4.388  1.235 -0.254 3.408
f4 4.345  1.217 -0.137 3.264
f5 4.283  1.356 -0.103 2.842
>
> require(lavaan)
Loading required package: lavaan
This is lavaan 0.5-23.1097
lavaan is BETA software! Please report any bugs.

Attaching package: ‘lavaan’

The following object is masked from ‘package:psych’:

    cor2cov

>
>
>
>
>
>
>
>
> rownames(dta_desc) <- c("平均", "標準差", "偏態", "峰度")corrplot(cor(dta.nona), method="ellipse", type="lower", col=gray.colors(200,start =
1, end = 0),tl.col="black")
>
>
>
> corrplot(cor(dta.nona), method="ellipse", type="lower", col=gray.colors(200,start = 1, end = 0),tl.col="black")
>
>
>
> ?gray.colors
> corrplot(cor(dta.nona), method="ellipse", type="lower", tl.col="black")
> corrplot(cor(dta.nona), method="ellipse", type="lower", col=gray.colors(200,start = 1, end = 0),tl.col="black")
> corrplot(cor(dta.nona), method="ellipse", type="lower", tl.col="black")
> corrplot(cor(dta.nona), method="ellipse", type="lower", col=green.colors(200,start = 1, end = 0),tl.col="black")
Error in green.colors(200, start = 1, end = 0) :
  could not find function "green.colors"
> corrplot(cor(dta.nona), method="ellipse", type="lower",tl.col="black")
> corrplot(cor(dta.nona), method="ellipse", type="lower",tl.col="black")
> corrplot(cor(dta.nona), method="ellipse", type="lower")
> corrplot(cor(dta.nona), method="ellipse", type="lower",tl.col="black")
> co
Display all 139 possibilities? (y or n)
co2                         comment                     contourLines                cordif                      corSymm
coef                        comment<-                   contrasts                   cordif.dep                  cortest
coef<-                      commutationMatrix           contrasts<-                 corExp                      cor.test
coefficients                comorbidity                 contr.helmert               corFactor                   cortest.bartlett
coefficients<-              compareFits                 contrib.url                 corFiml                     cortest.jennrich
coerce                      comparePred                 contributors                corGaus                     cortest.mat
coerce<-                    compareVersion              contr.poly                  corIdent                    cortest.normal
cohen.d                     complete.cases              contr.SAS                   corLin                      cor.wt
cohen.d.by                  completeClassDefinition     contr.sdif                  corMatrix                   cos
cohen.d.ci                  completeExtends             contr.sum                   corNatural                  cosh
cohen.kappa                 completeSubclasses          contr.treatment             cor.plot                    cosinor
co.intervals                complex                     convertColor                corPlot                     cosinor.period
col                         computeRestarts             convolve                    cor.plot.upperLowerCi       cosinor.plot
col2rgb                     con2cat                     cooks.distance              corPlotUpperLowerCi         cospi
collapse                    con2tr                      coop                        corRatio                    count.fields
colMeans                    conditionCall               cophenetic                  correct.cor                 count.pairwise
colnames                    conditionCall.condition     coplot                      corresp                     cov
colnames<-                  conditionMessage            cor                         corrMatOrder                cov2cor
colorConverter              conditionMessage.condition  cor2                        corr.p                      covariate<-
colorlegend                 confint                     cor2cov                     corrplot                    cov.mcd
colorRamp                   confint.default             cor2dist                    corrplot.mixed              cov.mve
colorRampPalette            confint.lm                  cor2latex                   corrRect                    covratio
colors                      conflicts                   corAR1                      corrRect.hclust             cov.rob
colorspaces                 conformMethod               corARMA                     corr.test                   cov.trob
colours                     congeneric.sim              corCAR1                     cor.smooth                  cov.wt
colSums                     constrOptim                 cor.ci                      cor.smoother                compiler::
combn                       contour                     corCi                       corSpatial                  corrplot::
commandArgs                 contour.default             corCompSymm                 corSpher
> cor
cor                    cor.ci                 corGaus                corPlotUpperLowerCi    corrRect               cortest
cor2                   corCi                  corIdent               corRatio               corrRect.hclust        cor.test
cor2cov                corCompSymm            corLin                 correct.cor            corr.test              cortest.bartlett
cor2dist               cordif                 corMatrix              corresp                cor.smooth             cortest.jennrich
cor2latex              cordif.dep             corNatural             corrMatOrder           cor.smoother           cortest.mat
corAR1                 corExp                 cor.plot               corr.p                 corSpatial             cortest.normal
corARMA                corFactor              corPlot                corrplot               corSpher               cor.wt
corCAR1                corFiml                cor.plot.upperLowerCi  corrplot.mixed         corSymm                corrplot::
>
>
>
> require(lavaan)
>
> dta.mod1 <- '
+ a =~ a1+a2+a3+a4+a5+a7+a7
+ b =~ b1+b2+b3+b4+b5
+ c =~ c1+c2+c3+c4+c5+c6+c7
+ e =~ e1+e2+e3+e4+e5+e6
+ f =~ f1+f2+f3+f4+f5
+ '
>
> fit <- cfa(dta.mod1, data=dta.nona,std.lv=TRUE)

>
> summary(fit, fit.measures=TRUE)
lavaan (0.5-23.1097) converged normally after  30 iterations

  Number of observations                           374

  Estimator                                         ML
  Minimum Function Test Statistic              833.709
  Degrees of freedom                               367
  P-value (Chi-square)                           0.000

Model test baseline model:

  Minimum Function Test Statistic             6044.387
  Degrees of freedom                               406
  P-value                                        0.000

User model versus baseline model:

  Comparative Fit Index (CFI)                    0.917
  Tucker-Lewis Index (TLI)                       0.908

Loglikelihood and Information Criteria:

  Loglikelihood user model (H0)             -14994.611
  Loglikelihood unrestricted model (H1)     -14577.756

  Number of free parameters                         68
  Akaike (AIC)                               30125.222
  Bayesian (BIC)                             30392.071
  Sample-size adjusted Bayesian (BIC)        30176.326

Root Mean Square Error of Approximation:

  RMSEA                                          0.058
  90 Percent Confidence Interval          0.053  0.064
  P-value RMSEA <= 0.05                          0.005

Standardized Root Mean Square Residual:

  SRMR                                           0.050

Parameter Estimates:

  Information                                 Expected
  Standard Errors                             Standard

Latent Variables:
                   Estimate  Std.Err  z-value  P(>|z|)
  a =~
    a1                0.993    0.062   16.114    0.000
    a2                1.139    0.062   18.518    0.000
    a3                1.083    0.061   17.724    0.000
    a4                0.786    0.067   11.823    0.000
    a5                0.117    0.076    1.532    0.125
    a7                0.844    0.076   11.104    0.000
  b =~
    b1                0.886    0.053   16.651    0.000
    b2                0.977    0.055   17.810    0.000
    b3                0.781    0.052   14.960    0.000
    b4                0.880    0.055   15.948    0.000
    b5                0.735    0.060   12.311    0.000
  c =~
    c1                0.844    0.054   15.509    0.000
    c2                0.857    0.058   14.906    0.000
    c3                0.781    0.060   12.993    0.000
    c4                0.750    0.053   14.254    0.000
    c5                0.842    0.053   15.791    0.000
    c6                0.841    0.064   13.219    0.000
    c7                0.858    0.064   13.403    0.000
  e =~
    e1                0.796    0.053   15.150    0.000
    e2                0.867    0.050   17.214    0.000
    e3                0.918    0.053   17.377    0.000
    e4                0.962    0.050   19.292    0.000
    e5                0.788    0.049   16.097    0.000
    e6                0.809    0.056   14.365    0.000
  f =~
    f1                0.850    0.055   15.526    0.000
    f2                1.005    0.052   19.428    0.000
    f3                1.049    0.053   19.924    0.000
    f4                0.970    0.054   18.078    0.000
    f5                1.067    0.060   17.732    0.000

Covariances:
                   Estimate  Std.Err  z-value  P(>|z|)
  a ~~
    b                 0.495    0.048   10.357    0.000
    c                 0.502    0.047   10.634    0.000
    e                 0.434    0.049    8.810    0.000
    f                 0.499    0.046   10.899    0.000
  b ~~
    c                 0.784    0.029   26.634    0.000
    e                 0.660    0.037   17.850    0.000
    f                 0.638    0.038   16.754    0.000
  c ~~
    e                 0.640    0.038   16.819    0.000
    f                 0.595    0.041   14.672    0.000
  e ~~
    f                 0.675    0.034   19.684    0.000

Variances:
                   Estimate  Std.Err  z-value  P(>|z|)
   .a1                0.763    0.070   10.957    0.000
   .a2                0.592    0.066    9.030    0.000
   .a3                0.642    0.066    9.790    0.000
   .a4                1.149    0.091   12.569    0.000
   .a5                1.898    0.139   13.660    0.000
   .a7                1.547    0.121   12.730    0.000
   .b1                0.563    0.051   11.131    0.000
   .b2                0.539    0.052   10.430    0.000
   .b3                0.613    0.052   11.870    0.000
   .b4                0.640    0.056   11.472    0.000
   .b5                0.924    0.073   12.623    0.000
   .c1                0.645    0.055   11.697    0.000
   .c2                0.749    0.063   11.921    0.000
   .c3                0.909    0.073   12.481    0.000
   .c4                0.653    0.054   12.135    0.000
   .c5                0.607    0.052   11.582    0.000
   .c6                1.008    0.081   12.424    0.000
   .c7                1.012    0.082   12.377    0.000
   .e1                0.636    0.052   12.229    0.000
   .e2                0.504    0.044   11.496    0.000
   .e3                0.546    0.048   11.423    0.000
   .e4                0.401    0.039   10.301    0.000
   .e5                0.519    0.043   11.933    0.000
   .e6                0.766    0.062   12.437    0.000
   .f1                0.682    0.056   12.272    0.000
   .f2                0.432    0.041   10.541    0.000
   .f3                0.421    0.041   10.169    0.000
   .f4                0.537    0.047   11.333    0.000
   .f5                0.696    0.061   11.495    0.000
    a                 1.000
    b                 1.000
    c                 1.000
    e                 1.000
    f                 1.000

>
>
>
>
> a =~ a1+a2+a3+a4+a5+a6+a7
> b =~ b1+b2+b3+b4+b5
> c =~ c1+c2+c3+c4+c5+c6+c7
> e =~ e1+e2+e3+e4+e5+e6
> f =~ f1+f2+f3+f4+f5
> '
+
+ fit <- cfa(dta.mod1, data=dta.nona,std.lv=TRUE)
+
+ summary(fit, fit.measures=TRUE)
+
+ )
+
>
>
>
>
>
>
>
> dta.mod1 <- '
+ a =~ a1+a2+a3+a4+a5+a6+a7
+ b =~ b1+b2+b3+b4+b5
+ c =~ c1+c2+c3+c4+c5+c6+c7
+ e =~ e1+e2+e3+e4+e5+e6
+ f =~ f1+f2+f3+f4+f5
+ '
>
> fit <- cfa(dta.mod1, data=dta.nona,std.lv=TRUE)

>
> summary(fit, fit.measures=TRUE)
lavaan (0.5-23.1097) converged normally after  30 iterations

  Number of observations                           374

  Estimator                                         ML
  Minimum Function Test Statistic              940.097
  Degrees of freedom                               395
  P-value (Chi-square)                           0.000

Model test baseline model:

  Minimum Function Test Statistic             6296.893
  Degrees of freedom                               435
  P-value                                        0.000

User model versus baseline model:

  Comparative Fit Index (CFI)                    0.907
  Tucker-Lewis Index (TLI)                       0.898

Loglikelihood and Information Criteria:

  Loglikelihood user model (H0)             -15575.072
  Loglikelihood unrestricted model (H1)     -15105.023

  Number of free parameters                         70
  Akaike (AIC)                               31290.143
  Bayesian (BIC)                             31564.841
  Sample-size adjusted Bayesian (BIC)        31342.751

Root Mean Square Error of Approximation:

  RMSEA                                          0.061
  90 Percent Confidence Interval          0.056  0.066
  P-value RMSEA <= 0.05                          0.000

Standardized Root Mean Square Residual:

  SRMR                                           0.050

Parameter Estimates:

  Information                                 Expected
  Standard Errors                             Standard

Latent Variables:
                   Estimate  Std.Err  z-value  P(>|z|)
  a =~
    a1                0.995    0.061   16.222    0.000
    a2                1.104    0.062   17.800    0.000
    a3                1.047    0.062   16.980    0.000
    a4                0.822    0.066   12.517    0.000
    a5                0.143    0.076    1.877    0.061
    a6                0.862    0.069   12.584    0.000
    a7                0.927    0.074   12.476    0.000
  b =~
    b1                0.885    0.053   16.647    0.000
    b2                0.977    0.055   17.800    0.000
    b3                0.781    0.052   14.970    0.000
    b4                0.880    0.055   15.948    0.000
    b5                0.735    0.060   12.318    0.000
  c =~
    c1                0.844    0.054   15.504    0.000
    c2                0.858    0.057   14.919    0.000
    c3                0.781    0.060   13.006    0.000
    c4                0.750    0.053   14.245    0.000
    c5                0.842    0.053   15.779    0.000
    c6                0.841    0.064   13.216    0.000
    c7                0.859    0.064   13.413    0.000
  e =~
    e1                0.796    0.053   15.148    0.000
    e2                0.867    0.050   17.207    0.000
    e3                0.918    0.053   17.378    0.000
    e4                0.961    0.050   19.284    0.000
    e5                0.789    0.049   16.102    0.000
    e6                0.810    0.056   14.378    0.000
  f =~
    f1                0.849    0.055   15.517    0.000
    f2                1.004    0.052   19.415    0.000
    f3                1.049    0.053   19.931    0.000
    f4                0.970    0.054   18.078    0.000
    f5                1.067    0.060   17.740    0.000

Covariances:
                   Estimate  Std.Err  z-value  P(>|z|)
  a ~~
    b                 0.503    0.047   10.649    0.000
    c                 0.510    0.047   10.937    0.000
    e                 0.446    0.049    9.179    0.000
    f                 0.496    0.046   10.818    0.000
  b ~~
    c                 0.783    0.029   26.624    0.000
    e                 0.660    0.037   17.853    0.000
    f                 0.638    0.038   16.750    0.000
  c ~~
    e                 0.640    0.038   16.824    0.000
    f                 0.595    0.041   14.672    0.000
  e ~~
    f                 0.675    0.034   19.686    0.000

Variances:
                   Estimate  Std.Err  z-value  P(>|z|)
   .a1                0.758    0.069   11.051    0.000
   .a2                0.670    0.067   10.012    0.000
   .a3                0.718    0.068   10.599    0.000
   .a4                1.092    0.088   12.448    0.000
   .a5                1.891    0.139   13.654    0.000
   .a6                1.185    0.095   12.430    0.000
   .a7                1.400    0.112   12.458    0.000
   .b1                0.563    0.051   11.134    0.000
   .b2                0.540    0.052   10.438    0.000
   .b3                0.613    0.052   11.867    0.000
   .b4                0.640    0.056   11.472    0.000
   .b5                0.924    0.073   12.621    0.000
   .c1                0.645    0.055   11.700    0.000
   .c2                0.748    0.063   11.917    0.000
   .c3                0.908    0.073   12.478    0.000
   .c4                0.653    0.054   12.138    0.000
   .c5                0.608    0.052   11.588    0.000
   .c6                1.008    0.081   12.426    0.000
   .c7                1.011    0.082   12.375    0.000
   .e1                0.636    0.052   12.230    0.000
   .e2                0.504    0.044   11.500    0.000
   .e3                0.546    0.048   11.423    0.000
   .e4                0.401    0.039   10.307    0.000
   .e5                0.518    0.043   11.931    0.000
   .e6                0.765    0.062   12.434    0.000
   .f1                0.682    0.056   12.273    0.000
   .f2                0.433    0.041   10.545    0.000
   .f3                0.421    0.041   10.158    0.000
   .f4                0.536    0.047   11.329    0.000
   .f5                0.695    0.061   11.488    0.000
    a                 1.000
    b                 1.000
    c                 1.000
    e                 1.000
    f                 1.000

>
>
>
> head(dta.nona[-5])
  a1 a2 a3 a4 a6 a7 b1 b2 b3 b4 b5 c1 c2 c3 c4 c5 c6 c7 e1 e2 e3 e4 e5 e6 f1 f2
1  2  3  2  4  2  2  4  4  5  5  4  4  2  1  5  4  4  3  2  4  4  3  4  3  5  3
2  2  1  2  2  4  4  5  5  5  6  4  4  4  4  4  4  4  5  4  4  5  5  4  4  5  5
3  4  4  4  4  4  4  4  5  4  5  4  4  4  4  4  4  4  4  4  4  5  5  5  5  5  5
4  2  2  3  2  2  2  5  5  4  4  4  2  2  2  4  3  1  1  2  2  2  2  3  4  5  3
5  5  7  5  5  6  7  6  5  6  6  6  4  5  2  7  5  4  5  6  5  7  6  4  6  6  6
6  2  4  4  2  1  2  4  4  3  4  2  1  2  3  4  2  1  1  4  4  5  4  4  5  5  5
  f3 f4 f5
1  3  4  3
2  5  5  5
3  4  4  5
4  3  3  3
5  6  6  5
6  5  5  3
>
>
> dta.mod2 <- '
+ a =~ a1+a2+a3+a4+a6+a7
+ b =~ b1+b2+b3+b4+b5
+ c =~ c1+c2+c3+c4+c5+c6+c7
+ e =~ e1+e2+e3+e4+e5+e6
+ f =~ f1+f2+f3+f4+f5
+ '
>
> dta.mod2.data <- dta.nona[-5]
> fit <- cfa(dta.cfa.mod2, data=dta.mod2.data,std.lv=TRUE)
Error in lavaan::lavaan(model = dta.cfa.mod2, data = dta.mod2.data, std.lv = TRUE,  :
  object 'dta.cfa.mod2' not found
>
> summary(fit, fit.measures=TRUE)
lavaan (0.5-23.1097) converged normally after  30 iterations

  Number of observations                           374

  Estimator                                         ML
  Minimum Function Test Statistic              940.097
  Degrees of freedom                               395
  P-value (Chi-square)                           0.000

Model test baseline model:

  Minimum Function Test Statistic             6296.893
  Degrees of freedom                               435
  P-value                                        0.000

User model versus baseline model:

  Comparative Fit Index (CFI)                    0.907
  Tucker-Lewis Index (TLI)                       0.898

Loglikelihood and Information Criteria:

  Loglikelihood user model (H0)             -15575.072
  Loglikelihood unrestricted model (H1)     -15105.023

  Number of free parameters                         70
  Akaike (AIC)                               31290.143
  Bayesian (BIC)                             31564.841
  Sample-size adjusted Bayesian (BIC)        31342.751

Root Mean Square Error of Approximation:

  RMSEA                                          0.061
  90 Percent Confidence Interval          0.056  0.066
  P-value RMSEA <= 0.05                          0.000

Standardized Root Mean Square Residual:

  SRMR                                           0.050

Parameter Estimates:

  Information                                 Expected
  Standard Errors                             Standard

Latent Variables:
                   Estimate  Std.Err  z-value  P(>|z|)
  a =~
    a1                0.995    0.061   16.222    0.000
    a2                1.104    0.062   17.800    0.000
    a3                1.047    0.062   16.980    0.000
    a4                0.822    0.066   12.517    0.000
    a5                0.143    0.076    1.877    0.061
    a6                0.862    0.069   12.584    0.000
    a7                0.927    0.074   12.476    0.000
  b =~
    b1                0.885    0.053   16.647    0.000
    b2                0.977    0.055   17.800    0.000
    b3                0.781    0.052   14.970    0.000
    b4                0.880    0.055   15.948    0.000
    b5                0.735    0.060   12.318    0.000
  c =~
    c1                0.844    0.054   15.504    0.000
    c2                0.858    0.057   14.919    0.000
    c3                0.781    0.060   13.006    0.000
    c4                0.750    0.053   14.245    0.000
    c5                0.842    0.053   15.779    0.000
    c6                0.841    0.064   13.216    0.000
    c7                0.859    0.064   13.413    0.000
  e =~
    e1                0.796    0.053   15.148    0.000
    e2                0.867    0.050   17.207    0.000
    e3                0.918    0.053   17.378    0.000
    e4                0.961    0.050   19.284    0.000
    e5                0.789    0.049   16.102    0.000
    e6                0.810    0.056   14.378    0.000
  f =~
    f1                0.849    0.055   15.517    0.000
    f2                1.004    0.052   19.415    0.000
    f3                1.049    0.053   19.931    0.000
    f4                0.970    0.054   18.078    0.000
    f5                1.067    0.060   17.740    0.000

Covariances:
                   Estimate  Std.Err  z-value  P(>|z|)
  a ~~
    b                 0.503    0.047   10.649    0.000
    c                 0.510    0.047   10.937    0.000
    e                 0.446    0.049    9.179    0.000
    f                 0.496    0.046   10.818    0.000
  b ~~
    c                 0.783    0.029   26.624    0.000
    e                 0.660    0.037   17.853    0.000
    f                 0.638    0.038   16.750    0.000
  c ~~
    e                 0.640    0.038   16.824    0.000
    f                 0.595    0.041   14.672    0.000
  e ~~
    f                 0.675    0.034   19.686    0.000

Variances:
                   Estimate  Std.Err  z-value  P(>|z|)
   .a1                0.758    0.069   11.051    0.000
   .a2                0.670    0.067   10.012    0.000
   .a3                0.718    0.068   10.599    0.000
   .a4                1.092    0.088   12.448    0.000
   .a5                1.891    0.139   13.654    0.000
   .a6                1.185    0.095   12.430    0.000
   .a7                1.400    0.112   12.458    0.000
   .b1                0.563    0.051   11.134    0.000
   .b2                0.540    0.052   10.438    0.000
   .b3                0.613    0.052   11.867    0.000
   .b4                0.640    0.056   11.472    0.000
   .b5                0.924    0.073   12.621    0.000
   .c1                0.645    0.055   11.700    0.000
   .c2                0.748    0.063   11.917    0.000
   .c3                0.908    0.073   12.478    0.000
   .c4                0.653    0.054   12.138    0.000
   .c5                0.608    0.052   11.588    0.000
   .c6                1.008    0.081   12.426    0.000
   .c7                1.011    0.082   12.375    0.000
   .e1                0.636    0.052   12.230    0.000
   .e2                0.504    0.044   11.500    0.000
   .e3                0.546    0.048   11.423    0.000
   .e4                0.401    0.039   10.307    0.000
   .e5                0.518    0.043   11.931    0.000
   .e6                0.765    0.062   12.434    0.000
   .f1                0.682    0.056   12.273    0.000
   .f2                0.433    0.041   10.545    0.000
   .f3                0.421    0.041   10.158    0.000
   .f4                0.536    0.047   11.329    0.000
   .f5                0.695    0.061   11.488    0.000
    a                 1.000
    b                 1.000
    c                 1.000
    e                 1.000
    f                 1.000

>
>
>
> dta.mod2 <- '
+ a =~ a1+a2+a3+a4+a6+a7
+ b =~ b1+b2+b3+b4+b5
+ c =~ c1+c2+c3+c4+c5+c6+c7
+ e =~ e1+e2+e3+e4+e5+e6
+ f =~ f1+f2+f3+f4+f5
+ '
>
> dta.mod2.data <- dta.nona[-5]
> fit <- cfa(dta.mod2, data=dta.mod2.data,std.lv=TRUE)

>
> summary(fit, fit.measures=TRUE)
lavaan (0.5-23.1097) converged normally after  27 iterations

  Number of observations                           374

  Estimator                                         ML
  Minimum Function Test Statistic              898.336
  Degrees of freedom                               367
  P-value (Chi-square)                           0.000

Model test baseline model:

  Minimum Function Test Statistic             6251.643
  Degrees of freedom                               406
  P-value                                        0.000

User model versus baseline model:

  Comparative Fit Index (CFI)                    0.909
  Tucker-Lewis Index (TLI)                       0.899

Loglikelihood and Information Criteria:

  Loglikelihood user model (H0)             -14924.969
  Loglikelihood unrestricted model (H1)     -14475.801

  Number of free parameters                         68
  Akaike (AIC)                               29985.939
  Bayesian (BIC)                             30252.788
  Sample-size adjusted Bayesian (BIC)        30037.043

Root Mean Square Error of Approximation:

  RMSEA                                          0.062
  90 Percent Confidence Interval          0.057  0.067
  P-value RMSEA <= 0.05                          0.000

Standardized Root Mean Square Residual:

  SRMR                                           0.050

Parameter Estimates:

  Information                                 Expected
  Standard Errors                             Standard

Latent Variables:
                   Estimate  Std.Err  z-value  P(>|z|)
  a =~
    a1                0.996    0.061   16.238    0.000
    a2                1.108    0.062   17.887    0.000
    a3                1.049    0.062   17.024    0.000
    a4                0.817    0.066   12.431    0.000
    a6                0.859    0.069   12.524    0.000
    a7                0.924    0.074   12.435    0.000
  b =~
    b1                0.885    0.053   16.647    0.000
    b2                0.977    0.055   17.800    0.000
    b3                0.781    0.052   14.970    0.000
    b4                0.880    0.055   15.948    0.000
    b5                0.735    0.060   12.317    0.000
  c =~
    c1                0.844    0.054   15.505    0.000
    c2                0.858    0.057   14.918    0.000
    c3                0.781    0.060   13.005    0.000
    c4                0.750    0.053   14.246    0.000
    c5                0.842    0.053   15.779    0.000
    c6                0.841    0.064   13.217    0.000
    c7                0.859    0.064   13.412    0.000
  e =~
    e1                0.796    0.053   15.148    0.000
    e2                0.867    0.050   17.207    0.000
    e3                0.918    0.053   17.378    0.000
    e4                0.961    0.050   19.283    0.000
    e5                0.789    0.049   16.102    0.000
    e6                0.810    0.056   14.379    0.000
  f =~
    f1                0.849    0.055   15.517    0.000
    f2                1.004    0.052   19.416    0.000
    f3                1.049    0.053   19.932    0.000
    f4                0.970    0.054   18.077    0.000
    f5                1.067    0.060   17.740    0.000

Covariances:
                   Estimate  Std.Err  z-value  P(>|z|)
  a ~~
    b                 0.501    0.047   10.610    0.000
    c                 0.509    0.047   10.907    0.000
    e                 0.446    0.049    9.178    0.000
    f                 0.497    0.046   10.855    0.000
  b ~~
    c                 0.783    0.029   26.625    0.000
    e                 0.660    0.037   17.853    0.000
    f                 0.638    0.038   16.751    0.000
  c ~~
    e                 0.640    0.038   16.824    0.000
    f                 0.595    0.041   14.672    0.000
  e ~~
    f                 0.675    0.034   19.687    0.000

Variances:
                   Estimate  Std.Err  z-value  P(>|z|)
   .a1                0.757    0.069   11.048    0.000
   .a2                0.662    0.067    9.949    0.000
   .a3                0.714    0.068   10.577    0.000
   .a4                1.099    0.088   12.472    0.000
   .a6                1.191    0.096   12.449    0.000
   .a7                1.405    0.113   12.471    0.000
   .b1                0.563    0.051   11.133    0.000
   .b2                0.540    0.052   10.437    0.000
   .b3                0.613    0.052   11.867    0.000
   .b4                0.640    0.056   11.472    0.000
   .b5                0.924    0.073   12.621    0.000
   .c1                0.645    0.055   11.699    0.000
   .c2                0.748    0.063   11.917    0.000
   .c3                0.908    0.073   12.478    0.000
   .c4                0.653    0.054   12.138    0.000
   .c5                0.608    0.052   11.588    0.000
   .c6                1.008    0.081   12.426    0.000
   .c7                1.011    0.082   12.375    0.000
   .e1                0.636    0.052   12.230    0.000
   .e2                0.504    0.044   11.500    0.000
   .e3                0.546    0.048   11.423    0.000
   .e4                0.401    0.039   10.308    0.000
   .e5                0.518    0.043   11.931    0.000
   .e6                0.765    0.061   12.433    0.000
   .f1                0.682    0.056   12.273    0.000
   .f2                0.433    0.041   10.546    0.000
   .f3                0.420    0.041   10.158    0.000
   .f4                0.537    0.047   11.331    0.000
   .f5                0.695    0.061   11.488    0.000
    a                 1.000
    b                 1.000
    c                 1.000
    e                 1.000
    f                 1.000

> modindices(fit)
    lhs op rhs     mi    epc sepc.lv sepc.all sepc.nox
74    a =~  b1  0.012 -0.006  -0.006   -0.006   -0.006
75    a =~  b2  0.041 -0.012  -0.012   -0.010   -0.010
76    a =~  b3  1.107  0.061   0.061    0.055    0.055
77    a =~  b4  0.008 -0.005  -0.005   -0.005   -0.005
78    a =~  b5  0.538 -0.050  -0.050   -0.041   -0.041
79    a =~  c1  0.146 -0.023  -0.023   -0.020   -0.020
80    a =~  c2  2.022  0.091   0.091    0.075    0.075
81    a =~  c3  0.589 -0.052  -0.052   -0.043   -0.043
82    a =~  c4  2.706 -0.097  -0.097   -0.088   -0.088
83    a =~  c5  0.907 -0.056  -0.056   -0.049   -0.049
84    a =~  c6  0.060  0.018   0.018    0.013    0.013
85    a =~  c7  5.107  0.164   0.164    0.124    0.124
86    a =~  e1  0.100  0.017   0.017    0.015    0.015
87    a =~  e2  6.442 -0.128  -0.128   -0.114   -0.114
88    a =~  e3  0.038 -0.010  -0.010   -0.009   -0.009
89    a =~  e4  6.724 -0.124  -0.124   -0.108   -0.108
90    a =~  e5  2.759  0.083   0.083    0.078    0.078
91    a =~  e6 24.795  0.294   0.294    0.247    0.247
92    a =~  f1  1.435 -0.070  -0.070   -0.059   -0.059
93    a =~  f2  0.395 -0.032  -0.032   -0.027   -0.027
94    a =~  f3  1.017  0.052   0.052    0.042    0.042
95    a =~  f4  3.514 -0.102  -0.102   -0.084   -0.084
96    a =~  f5  6.017  0.150   0.150    0.111    0.111
97    b =~  a1 10.852 -0.217  -0.217   -0.164   -0.164
98    b =~  a2  0.072 -0.018  -0.018   -0.013   -0.013
99    b =~  a3  3.323  0.120   0.120    0.089    0.089
100   b =~  a4  1.877  0.101   0.101    0.076    0.076
101   b =~  a6  0.940  0.075   0.075    0.054    0.054
102   b =~  a7  0.005 -0.006  -0.006   -0.004   -0.004
103   b =~  c1  1.772  0.132   0.132    0.114    0.114
104   b =~  c2 16.317 -0.426  -0.426   -0.349   -0.349
105   b =~  c3 12.895 -0.400  -0.400   -0.325   -0.325
106   b =~  c4  5.773  0.233   0.233    0.211    0.211
107   b =~  c5  5.048  0.219   0.219    0.191    0.191
108   b =~  c6  0.175 -0.049  -0.049   -0.038   -0.038
109   b =~  c7  2.610  0.191   0.191    0.145    0.145
110   b =~  e1  0.658  0.056   0.056    0.050    0.050
111   b =~  e2  3.204 -0.115  -0.115   -0.103   -0.103
112   b =~  e3  0.066  0.017   0.017    0.015    0.015
113   b =~  e4  4.936 -0.137  -0.137   -0.119   -0.119
114   b =~  e5  3.148  0.113   0.113    0.106    0.106
115   b =~  e6  4.872  0.166   0.166    0.139    0.139
116   b =~  f1  6.757  0.178   0.178    0.150    0.150
117   b =~  f2  0.007  0.005   0.005    0.004    0.004
118   b =~  f3  1.408 -0.072  -0.072   -0.059   -0.059
119   b =~  f4  0.724 -0.054  -0.054   -0.045   -0.045
120   b =~  f5  0.000 -0.001  -0.001   -0.001   -0.001
121   c =~  a1  4.401 -0.139  -0.139   -0.105   -0.105
122   c =~  a2  0.021  0.010   0.010    0.007    0.007
123   c =~  a3  0.185  0.028   0.028    0.021    0.021
124   c =~  a4  1.049  0.076   0.076    0.057    0.057
125   c =~  a6  0.632  0.061   0.061    0.044    0.044
126   c =~  a7  0.038  0.016   0.016    0.011    0.011
127   c =~  b1  1.593 -0.124  -0.124   -0.107   -0.107
128   c =~  b2  0.068  0.027   0.027    0.022    0.022
129   c =~  b3  0.057 -0.023  -0.023   -0.021   -0.021
130   c =~  b4  0.288 -0.055  -0.055   -0.046   -0.046
131   c =~  b5  5.510  0.262   0.262    0.217    0.217
132   c =~  e1  2.210  0.099   0.099    0.088    0.088
133   c =~  e2  9.410 -0.190  -0.190   -0.170   -0.170
134   c =~  e3  0.138 -0.024  -0.024   -0.020   -0.020
135   c =~  e4  2.357 -0.092  -0.092   -0.080   -0.080
136   c =~  e5  3.952  0.122   0.122    0.114    0.114
137   c =~  e6  7.046  0.192   0.192    0.162    0.162
138   c =~  f1  0.008  0.006   0.006    0.005    0.005
139   c =~  f2  0.196 -0.025  -0.025   -0.021   -0.021
140   c =~  f3  0.809 -0.051  -0.051   -0.042   -0.042
141   c =~  f4  0.702  0.051   0.051    0.042    0.042
142   c =~  f5  0.379  0.042   0.042    0.031    0.031
143   e =~  a1  4.466 -0.131  -0.131   -0.099   -0.099
144   e =~  a2  0.640 -0.049  -0.049   -0.036   -0.036
145   e =~  a3  0.560  0.046   0.046    0.034    0.034
146   e =~  a4  1.766  0.092   0.092    0.069    0.069
147   e =~  a6  1.103  0.076   0.076    0.055    0.055
148   e =~  a7  0.418  0.051   0.051    0.034    0.034
149   e =~  b1  0.205 -0.032  -0.032   -0.027   -0.027
150   e =~  b2  0.227  0.035   0.035    0.028    0.028
151   e =~  b3  0.339 -0.041  -0.041   -0.037   -0.037
152   e =~  b4  0.018  0.010   0.010    0.008    0.008
153   e =~  b5  0.217  0.038   0.038    0.031    0.031
154   e =~  c1  0.041 -0.014  -0.014   -0.012   -0.012
155   e =~  c2  0.097  0.023   0.023    0.019    0.019
156   e =~  c3  0.828 -0.071  -0.071   -0.058   -0.058
157   e =~  c4  0.113 -0.023  -0.023   -0.021   -0.021
158   e =~  c5  0.999 -0.068  -0.068   -0.059   -0.059
159   e =~  c6  0.103 -0.027  -0.027   -0.020   -0.020
160   e =~  c7  6.998  0.221   0.221    0.167    0.167
161   e =~  f1  3.379  0.131   0.131    0.110    0.110
162   e =~  f2  0.552  0.047   0.047    0.039    0.039
163   e =~  f3  3.473 -0.118  -0.118   -0.096   -0.096
164   e =~  f4  1.891 -0.091  -0.091   -0.075   -0.075
165   e =~  f5  1.434  0.090   0.090    0.066    0.066
166   f =~  a1  1.288 -0.073  -0.073   -0.055   -0.055
167   f =~  a2  0.140  0.024   0.024    0.017    0.017
168   f =~  a3  1.302  0.073   0.073    0.054    0.054
169   f =~  a4  0.064  0.018   0.018    0.014    0.014
170   f =~  a6  0.441 -0.050  -0.050   -0.036   -0.036
171   f =~  a7  0.064 -0.020  -0.020   -0.014   -0.014
172   f =~  b1  1.312  0.077   0.077    0.066    0.066
173   f =~  b2  0.927  0.067   0.067    0.054    0.054
174   f =~  b3  1.812 -0.090  -0.090   -0.081   -0.081
175   f =~  b4  0.254 -0.035  -0.035   -0.030   -0.030
176   f =~  b5  0.484 -0.054  -0.054   -0.045   -0.045
177   f =~  c1  0.007 -0.005  -0.005   -0.005   -0.005
178   f =~  c2  3.808 -0.134  -0.134   -0.110   -0.110
179   f =~  c3  3.727 -0.141  -0.141   -0.115   -0.115
180   f =~  c4  1.145 -0.068  -0.068   -0.062   -0.062
181   f =~  c5  0.088  0.019   0.019    0.016    0.016
182   f =~  c6  1.291  0.088   0.088    0.067    0.067
183   f =~  c7 14.731  0.298   0.298    0.226    0.226
184   f =~  e1  0.123 -0.024  -0.024   -0.021   -0.021
185   f =~  e2  4.772 -0.139  -0.139   -0.124   -0.124
186   f =~  e3  0.000  0.000   0.000    0.000    0.000
187   f =~  e4  2.866 -0.104  -0.104   -0.090   -0.090
188   f =~  e5  6.846  0.165   0.165    0.154    0.154
189   f =~  e6  6.395  0.188   0.188    0.158    0.158
190  a1 ~~  a2  8.736  0.164   0.164    0.090    0.090
191  a1 ~~  a3  0.004  0.004   0.004    0.002    0.002
192  a1 ~~  a4  0.173 -0.024  -0.024   -0.014   -0.014
193  a1 ~~  a6  0.014 -0.007  -0.007   -0.004   -0.004
194  a1 ~~  a7  2.612 -0.104  -0.104   -0.052   -0.052
195  a1 ~~  b1  0.010  0.004   0.004    0.003    0.003
196  a1 ~~  b2  1.223 -0.045  -0.045   -0.028   -0.028
197  a1 ~~  b3  0.713 -0.035  -0.035   -0.024   -0.024
198  a1 ~~  b4  0.304 -0.023  -0.023   -0.015   -0.015
199  a1 ~~  b5  2.245 -0.073  -0.073   -0.046   -0.046
200  a1 ~~  c1  1.552 -0.053  -0.053   -0.034   -0.034
201  a1 ~~  c2  2.552  0.072   0.072    0.045    0.045
202  a1 ~~  c3  3.505  0.091   0.091    0.056    0.056
203  a1 ~~  c4  5.045 -0.094  -0.094   -0.065   -0.065
204  a1 ~~  c5  0.436 -0.027  -0.027   -0.018   -0.018
205  a1 ~~  c6  2.125  0.075   0.075    0.043    0.043
206  a1 ~~  c7  0.135  0.019   0.019    0.011    0.011
207  a1 ~~  e1  1.407 -0.049  -0.049   -0.033   -0.033
208  a1 ~~  e2  0.106  0.012   0.012    0.008    0.008
209  a1 ~~  e3  2.896 -0.067  -0.067   -0.043   -0.043
210  a1 ~~  e4  0.000  0.001   0.001    0.000    0.000
211  a1 ~~  e5  0.727  0.032   0.032    0.023    0.023
212  a1 ~~  e6  0.798  0.040   0.040    0.025    0.025
213  a1 ~~  f1  2.374  0.066   0.066    0.042    0.042
214  a1 ~~  f2  0.027  0.006   0.006    0.004    0.004
215  a1 ~~  f3  0.001 -0.001  -0.001   -0.001   -0.001
216  a1 ~~  f4  0.012 -0.004  -0.004   -0.003   -0.003
217  a1 ~~  f5  0.157 -0.018  -0.018   -0.010   -0.010
218  a2 ~~  a3 22.848  0.271   0.271    0.146    0.146
219  a2 ~~  a4  8.262 -0.165  -0.165   -0.090   -0.090
220  a2 ~~  a6 12.009 -0.208  -0.208   -0.109   -0.109
221  a2 ~~  a7 13.469 -0.238  -0.238   -0.115   -0.115
222  a2 ~~  b1  0.003 -0.002  -0.002   -0.001   -0.001
223  a2 ~~  b2  0.117  0.014   0.014    0.008    0.008
224  a2 ~~  b3  0.117  0.014   0.014    0.009    0.009
225  a2 ~~  b4  0.623  0.033   0.033    0.020    0.020
226  a2 ~~  b5  7.892 -0.134  -0.134   -0.081   -0.081
227  a2 ~~  c1  2.248  0.062   0.062    0.039    0.039
228  a2 ~~  c2  0.075  0.012   0.012    0.007    0.007
229  a2 ~~  c3  4.169 -0.097  -0.097   -0.057   -0.057
230  a2 ~~  c4  1.185  0.045   0.045    0.029    0.029
231  a2 ~~  c5  0.023  0.006   0.006    0.004    0.004
232  a2 ~~  c6  1.636  0.064   0.064    0.036    0.036
233  a2 ~~  c7  2.757 -0.084  -0.084   -0.046   -0.046
234  a2 ~~  e1  0.457  0.027   0.027    0.018    0.018
235  a2 ~~  e2  3.144 -0.065  -0.065   -0.042   -0.042
236  a2 ~~  e3  0.321  0.022   0.022    0.013    0.013
237  a2 ~~  e4  3.182 -0.062  -0.062   -0.039   -0.039
238  a2 ~~  e5  0.457 -0.025  -0.025   -0.017   -0.017
239  a2 ~~  e6  5.980  0.107   0.107    0.065    0.065
240  a2 ~~  f1  1.412  0.050   0.050    0.030    0.030
241  a2 ~~  f2  0.115  0.012   0.012    0.007    0.007
242  a2 ~~  f3  0.001  0.001   0.001    0.001    0.001
243  a2 ~~  f4  0.051 -0.009  -0.009   -0.005   -0.005
244  a2 ~~  f5  0.015 -0.005  -0.005   -0.003   -0.003
245  a3 ~~  a4  1.046 -0.058  -0.058   -0.033   -0.033
246  a3 ~~  a6 17.762 -0.251  -0.251   -0.134   -0.134
247  a3 ~~  a7  5.840 -0.156  -0.156   -0.077   -0.077
248  a3 ~~  b1  0.000  0.000   0.000    0.000    0.000
249  a3 ~~  b2  2.532  0.064   0.064    0.039    0.039
250  a3 ~~  b3  0.283  0.022   0.022    0.014    0.014
251  a3 ~~  b4  1.038 -0.043  -0.043   -0.027   -0.027
252  a3 ~~  b5  4.300  0.101   0.101    0.062    0.062
253  a3 ~~  c1  0.094  0.013   0.013    0.008    0.008
254  a3 ~~  c2  0.736 -0.038  -0.038   -0.023   -0.023
255  a3 ~~  c3  0.665 -0.039  -0.039   -0.024   -0.024
256  a3 ~~  c4  0.738 -0.036  -0.036   -0.024   -0.024
257  a3 ~~  c5  0.243  0.020   0.020    0.013    0.013
258  a3 ~~  c6  0.351 -0.030  -0.030   -0.017   -0.017
259  a3 ~~  c7  0.020  0.007   0.007    0.004    0.004
260  a3 ~~  e1  0.337  0.024   0.024    0.016    0.016
261  a3 ~~  e2  0.682 -0.031  -0.031   -0.020   -0.020
262  a3 ~~  e3  0.123 -0.014  -0.014   -0.009   -0.009
263  a3 ~~  e4  0.517 -0.025  -0.025   -0.016   -0.016
264  a3 ~~  e5  1.339  0.043   0.043    0.030    0.030
265  a3 ~~  e6  0.094  0.014   0.014    0.008    0.008
266  a3 ~~  f1  0.331  0.024   0.024    0.015    0.015
267  a3 ~~  f2  2.512  0.057   0.057    0.035    0.035
268  a3 ~~  f3  3.444 -0.067  -0.067   -0.040   -0.040
269  a3 ~~  f4  0.160 -0.015  -0.015   -0.009   -0.009
270  a3 ~~  f5  0.768  0.038   0.038    0.021    0.021
271  a4 ~~  a6  7.331  0.179   0.179    0.097    0.097
272  a4 ~~  a7  7.454  0.195   0.195    0.098    0.098
273  a4 ~~  b1  1.144  0.049   0.049    0.032    0.032
274  a4 ~~  b2  3.792 -0.091  -0.091   -0.056   -0.056
275  a4 ~~  b3  0.001  0.002   0.002    0.001    0.001
276  a4 ~~  b4  2.100  0.071   0.071    0.045    0.045
277  a4 ~~  b5  1.487  0.068   0.068    0.043    0.043
278  a4 ~~  c1  0.426 -0.032  -0.032   -0.020   -0.020
279  a4 ~~  c2  0.572  0.039   0.039    0.024    0.024
280  a4 ~~  c3  0.005  0.004   0.004    0.002    0.002
281  a4 ~~  c4  0.829  0.044   0.044    0.030    0.030
282  a4 ~~  c5  0.070 -0.012  -0.012   -0.008   -0.008
283  a4 ~~  c6  6.407 -0.150  -0.150   -0.086   -0.086
284  a4 ~~  c7  2.557  0.095   0.095    0.054    0.054
285  a4 ~~  e1  0.806 -0.042  -0.042   -0.028   -0.028
286  a4 ~~  e2  1.375  0.051   0.051    0.034    0.034
287  a4 ~~  e3  0.306 -0.025  -0.025   -0.016   -0.016
288  a4 ~~  e4  0.006 -0.003  -0.003   -0.002   -0.002
289  a4 ~~  e5  0.927  0.042   0.042    0.029    0.029
290  a4 ~~  e6  0.500  0.036   0.036    0.023    0.023
291  a4 ~~  f1 13.283 -0.178  -0.178   -0.113   -0.113
292  a4 ~~  f2  0.015  0.005   0.005    0.003    0.003
293  a4 ~~  f3  3.900  0.082   0.082    0.050    0.050
294  a4 ~~  f4  0.665  0.037   0.037    0.023    0.023
295  a4 ~~  f5  1.758 -0.067  -0.067   -0.037   -0.037
296  a6 ~~  a7 68.966  0.620   0.620    0.297    0.297
297  a6 ~~  b1  0.033 -0.009  -0.009   -0.005   -0.005
298  a6 ~~  b2  0.443 -0.032  -0.032   -0.019   -0.019
299  a6 ~~  b3  2.585  0.079   0.079    0.051    0.051
300  a6 ~~  b4  0.120 -0.018  -0.018   -0.011   -0.011
301  a6 ~~  b5  1.587  0.074   0.074    0.044    0.044
302  a6 ~~  c1  0.002 -0.002  -0.002   -0.001   -0.001
303  a6 ~~  c2  0.857  0.050   0.050    0.030    0.030
304  a6 ~~  c3  0.518  0.042   0.042    0.025    0.025
305  a6 ~~  c4  0.394 -0.031  -0.031   -0.021   -0.021
306  a6 ~~  c5  0.676 -0.040  -0.040   -0.025   -0.025
307  a6 ~~  c6  0.010 -0.006  -0.006   -0.003   -0.003
308  a6 ~~  c7  0.085  0.018   0.018    0.010    0.010
309  a6 ~~  e1  0.006 -0.004  -0.004   -0.002   -0.002
310  a6 ~~  e2  0.039 -0.009  -0.009   -0.006   -0.006
311  a6 ~~  e3  0.962  0.046   0.046    0.028    0.028
312  a6 ~~  e4  0.220  0.020   0.020    0.012    0.012
313  a6 ~~  e5  0.236  0.022   0.022    0.015    0.015
314  a6 ~~  e6  0.069 -0.014  -0.014   -0.009   -0.009
315  a6 ~~  f1  1.052 -0.052  -0.052   -0.032   -0.032
316  a6 ~~  f2  2.888 -0.074  -0.074   -0.044   -0.044
317  a6 ~~  f3  0.025  0.007   0.007    0.004    0.004
318  a6 ~~  f4  3.141 -0.083  -0.083   -0.049   -0.049
319  a6 ~~  f5  5.916  0.129   0.129    0.068    0.068
320  a7 ~~  b1  1.419 -0.062  -0.062   -0.036   -0.036
321  a7 ~~  b2  0.372  0.032   0.032    0.017    0.017
322  a7 ~~  b3  0.052  0.012   0.012    0.007    0.007
323  a7 ~~  b4  0.003  0.003   0.003    0.002    0.002
324  a7 ~~  b5  0.160 -0.025  -0.025   -0.014   -0.014
325  a7 ~~  c1  1.181 -0.060  -0.060   -0.034   -0.034
326  a7 ~~  c2  0.020  0.008   0.008    0.004    0.004
327  a7 ~~  c3  1.139  0.068   0.068    0.036    0.036
328  a7 ~~  c4  0.003  0.003   0.003    0.002    0.002
329  a7 ~~  c5  0.441 -0.035  -0.035   -0.021   -0.021
330  a7 ~~  c6  0.256 -0.034  -0.034   -0.017   -0.017
331  a7 ~~  c7  2.976  0.116   0.116    0.058    0.058
332  a7 ~~  e1  0.528  0.039   0.039    0.023    0.023
333  a7 ~~  e2  0.248  0.024   0.024    0.014    0.014
334  a7 ~~  e3  1.742  0.067   0.067    0.038    0.038
335  a7 ~~  e4  0.638  0.037   0.037    0.021    0.021
336  a7 ~~  e5  5.521 -0.115  -0.115   -0.071   -0.071
337  a7 ~~  e6  0.009 -0.006  -0.006   -0.003   -0.003
338  a7 ~~  f1  6.965 -0.146  -0.146   -0.082   -0.082
339  a7 ~~  f2  5.693 -0.112  -0.112   -0.062   -0.062
340  a7 ~~  f3  7.179  0.126   0.126    0.068    0.068
341  a7 ~~  f4  0.591 -0.039  -0.039   -0.021   -0.021
342  a7 ~~  f5  3.069  0.101   0.101    0.049    0.049
343  b1 ~~  b2 41.369  0.262   0.262    0.185    0.185
344  b1 ~~  b3  8.834 -0.114  -0.114   -0.089   -0.089
345  b1 ~~  b4  4.776 -0.089  -0.089   -0.064   -0.064
346  b1 ~~  b5  3.201 -0.079  -0.079   -0.057   -0.057
347  b1 ~~  c1  0.047  0.008   0.008    0.006    0.006
348  b1 ~~  c2  1.687 -0.051  -0.051   -0.036   -0.036
349  b1 ~~  c3  4.682 -0.091  -0.091   -0.064   -0.064
350  b1 ~~  c4  1.154  0.039   0.039    0.030    0.030
351  b1 ~~  c5  0.038  0.007   0.007    0.005    0.005
352  b1 ~~  c6  0.126  0.016   0.016    0.010    0.010
353  b1 ~~  c7  0.092 -0.014  -0.014   -0.009   -0.009
354  b1 ~~  e1  0.840  0.033   0.033    0.025    0.025
355  b1 ~~  e2  0.062  0.008   0.008    0.006    0.006
356  b1 ~~  e3  1.257 -0.038  -0.038   -0.028   -0.028
357  b1 ~~  e4  0.902 -0.029  -0.029   -0.022   -0.022
358  b1 ~~  e5  0.040 -0.006  -0.006   -0.005   -0.005
359  b1 ~~  e6  0.495  0.027   0.027    0.020    0.020
360  b1 ~~  f1  5.906  0.089   0.089    0.065    0.065
361  b1 ~~  f2  0.110 -0.010  -0.010   -0.007   -0.007
362  b1 ~~  f3  0.286  0.017   0.017    0.012    0.012
363  b1 ~~  f4  0.360  0.020   0.020    0.014    0.014
364  b1 ~~  f5  1.561 -0.048  -0.048   -0.030   -0.030
365  b2 ~~  b3  2.168 -0.058  -0.058   -0.043   -0.043
366  b2 ~~  b4  4.293 -0.087  -0.087   -0.060   -0.060
367  b2 ~~  b5 25.269 -0.228  -0.228   -0.154   -0.154
368  b2 ~~  c1  1.251 -0.041  -0.041   -0.029   -0.029
369  b2 ~~  c2  9.773 -0.123  -0.123   -0.083   -0.083
370  b2 ~~  c3  1.296 -0.048  -0.048   -0.032   -0.032
371  b2 ~~  c4  2.315  0.056   0.056    0.041    0.041
372  b2 ~~  c5  3.020  0.063   0.063    0.045    0.045
373  b2 ~~  c6  3.161  0.080   0.080    0.050    0.050
374  b2 ~~  c7  0.426  0.029   0.029    0.018    0.018
375  b2 ~~  e1  0.828 -0.033  -0.033   -0.024   -0.024
376  b2 ~~  e2  0.222  0.015   0.015    0.011    0.011
377  b2 ~~  e3  0.009  0.003   0.003    0.002    0.002
378  b2 ~~  e4  0.094  0.009   0.009    0.007    0.007
379  b2 ~~  e5  0.461  0.022   0.022    0.017    0.017
380  b2 ~~  e6  0.834 -0.036  -0.036   -0.024   -0.024
381  b2 ~~  f1  0.809  0.033   0.033    0.023    0.023
382  b2 ~~  f2  1.173 -0.034  -0.034   -0.023   -0.023
383  b2 ~~  f3  0.301  0.017   0.017    0.011    0.011
384  b2 ~~  f4  0.584  0.026   0.026    0.017    0.017
385  b2 ~~  f5  0.000 -0.001  -0.001    0.000    0.000
386  b3 ~~  b4  9.471  0.123   0.123    0.093    0.093
387  b3 ~~  b5 10.033  0.141   0.141    0.105    0.105
388  b3 ~~  c1  0.636  0.030   0.030    0.023    0.023
389  b3 ~~  c2  0.195 -0.018  -0.018   -0.013   -0.013
390  b3 ~~  c3  0.335 -0.025  -0.025   -0.018   -0.018
391  b3 ~~  c4  0.161  0.015   0.015    0.012    0.012
392  b3 ~~  c5  2.845  0.061   0.061    0.048    0.048
393  b3 ~~  c6  2.875 -0.077  -0.077   -0.053   -0.053
394  b3 ~~  c7  1.105 -0.048  -0.048   -0.033   -0.033
395  b3 ~~  e1  0.035  0.007   0.007    0.005    0.005
396  b3 ~~  e2  0.896 -0.031  -0.031   -0.025   -0.025
397  b3 ~~  e3  0.226  0.016   0.016    0.013    0.013
398  b3 ~~  e4  4.785 -0.068  -0.068   -0.053   -0.053
399  b3 ~~  e5  2.017  0.047   0.047    0.040    0.040
400  b3 ~~  e6  3.914  0.078   0.078    0.059    0.059
401  b3 ~~  f1  1.243  0.042   0.042    0.032    0.032
402  b3 ~~  f2  0.690  0.026   0.026    0.020    0.020
403  b3 ~~  f3  0.064 -0.008  -0.008   -0.006   -0.006
404  b3 ~~  f4 10.274 -0.110  -0.110   -0.082   -0.082
405  b3 ~~  f5  0.023  0.006   0.006    0.004    0.004
406  b4 ~~  b5  9.011  0.139   0.139    0.097    0.097
407  b4 ~~  c1  2.461  0.060   0.060    0.044    0.044
408  b4 ~~  c2  0.851 -0.038  -0.038   -0.026   -0.026
409  b4 ~~  c3  0.039 -0.009  -0.009   -0.006   -0.006
410  b4 ~~  c4  0.815  0.034   0.034    0.026    0.026
411  b4 ~~  c5  1.751 -0.050  -0.050   -0.036   -0.036
412  b4 ~~  c6  0.371 -0.029  -0.029   -0.018   -0.018
413  b4 ~~  c7  0.034 -0.009  -0.009   -0.005   -0.005
414  b4 ~~  e1  2.134 -0.055  -0.055   -0.041   -0.041
415  b4 ~~  e2  0.003 -0.002  -0.002   -0.001   -0.001
416  b4 ~~  e3  4.781  0.078   0.078    0.056    0.056
417  b4 ~~  e4  3.446  0.060   0.060    0.043    0.043
418  b4 ~~  e5  2.567 -0.055  -0.055   -0.043   -0.043
419  b4 ~~  e6  2.141 -0.060  -0.060   -0.042   -0.042
420  b4 ~~  f1  0.007 -0.003  -0.003   -0.002   -0.002
421  b4 ~~  f2  0.818  0.030   0.030    0.021    0.021
422  b4 ~~  f3  1.583 -0.042  -0.042   -0.028   -0.028
423  b4 ~~  f4  0.120  0.012   0.012    0.009    0.009
424  b4 ~~  f5  0.182 -0.017  -0.017   -0.011   -0.011
425  b5 ~~  c1  1.017  0.045   0.045    0.032    0.032
426  b5 ~~  c2  2.531  0.075   0.075    0.051    0.051
427  b5 ~~  c3  0.354  0.030   0.030    0.020    0.020
428  b5 ~~  c4  0.022 -0.006  -0.006   -0.005   -0.005
429  b5 ~~  c5  1.778  0.058   0.058    0.042    0.042
430  b5 ~~  c6  2.681 -0.088  -0.088   -0.056   -0.056
431  b5 ~~  c7  0.239  0.026   0.026    0.017    0.017
432  b5 ~~  e1  3.736  0.083   0.083    0.061    0.061
433  b5 ~~  e2  2.212  0.059   0.059    0.043    0.043
434  b5 ~~  e3  0.799 -0.037  -0.037   -0.026   -0.026
435  b5 ~~  e4  1.055 -0.038  -0.038   -0.027   -0.027
436  b5 ~~  e5  0.034 -0.007  -0.007   -0.006   -0.006
437  b5 ~~  e6  0.151 -0.018  -0.018   -0.013   -0.013
438  b5 ~~  f1  0.012  0.005   0.005    0.003    0.003
439  b5 ~~  f2  0.376  0.023   0.023    0.016    0.016
440  b5 ~~  f3  0.587 -0.029  -0.029   -0.020   -0.020
441  b5 ~~  f4  1.179 -0.045  -0.045   -0.030   -0.030
442  b5 ~~  f5  0.040  0.009   0.009    0.006    0.006
443  c1 ~~  c2  9.034  0.130   0.130    0.092    0.092
444  c1 ~~  c3  0.121  0.016   0.016    0.011    0.011
445  c1 ~~  c4  0.147 -0.015  -0.015   -0.012   -0.012
446  c1 ~~  c5  0.242  0.020   0.020    0.015    0.015
447  c1 ~~  c6  3.595 -0.092  -0.092   -0.060   -0.060
448  c1 ~~  c7  9.560 -0.151  -0.151   -0.098   -0.098
449  c1 ~~  e1  0.882  0.035   0.035    0.027    0.027
450  c1 ~~  e2  2.300 -0.052  -0.052   -0.040   -0.040
451  c1 ~~  e3  3.958 -0.071  -0.071   -0.052   -0.052
452  c1 ~~  e4  2.459  0.050   0.050    0.037    0.037
453  c1 ~~  e5  0.013  0.004   0.004    0.003    0.003
454  c1 ~~  e6  0.147  0.016   0.016    0.011    0.011
455  c1 ~~  f1  2.121  0.056   0.056    0.041    0.041
456  c1 ~~  f2  5.120 -0.074  -0.074   -0.053   -0.053
457  c1 ~~  f3  0.068 -0.009  -0.009   -0.006   -0.006
458  c1 ~~  f4 10.228  0.113   0.113    0.080    0.080
459  c1 ~~  f5  3.121 -0.071  -0.071   -0.045   -0.045
460  c2 ~~  c3 72.050  0.415   0.415    0.277    0.277
461  c2 ~~  c4  1.670 -0.055  -0.055   -0.041   -0.041
462  c2 ~~  c5 15.806 -0.168  -0.168   -0.120   -0.120
463  c2 ~~  c6  1.688 -0.067  -0.067   -0.042   -0.042
464  c2 ~~  c7  0.559 -0.039  -0.039   -0.024   -0.024
465  c2 ~~  e1  2.468  0.063   0.063    0.046    0.046
466  c2 ~~  e2  0.118  0.013   0.013    0.009    0.009
467  c2 ~~  e3  0.282  0.020   0.020    0.014    0.014
468  c2 ~~  e4  0.025  0.005   0.005    0.004    0.004
469  c2 ~~  e5  2.417 -0.057  -0.057   -0.043   -0.043
470  c2 ~~  e6  2.661  0.071   0.071    0.049    0.049
471  c2 ~~  f1  9.363 -0.126  -0.126   -0.087   -0.087
472  c2 ~~  f2  3.229 -0.063  -0.063   -0.043   -0.043
473  c2 ~~  f3  3.071  0.062   0.062    0.041    0.041
474  c2 ~~  f4  0.012  0.004   0.004    0.003    0.003
475  c2 ~~  f5  0.045  0.009   0.009    0.005    0.005
476  c3 ~~  c4  0.128  0.016   0.016    0.012    0.012
477  c3 ~~  c5  7.688 -0.125  -0.125   -0.088   -0.088
478  c3 ~~  c6  6.162 -0.137  -0.137   -0.085   -0.085
479  c3 ~~  c7  0.072 -0.015  -0.015   -0.009   -0.009
480  c3 ~~  e1  3.139  0.076   0.076    0.055    0.055
481  c3 ~~  e2  0.037 -0.008  -0.008   -0.005   -0.005
482  c3 ~~  e3  0.601 -0.032  -0.032   -0.022   -0.022
483  c3 ~~  e4  0.212  0.017   0.017    0.012    0.012
484  c3 ~~  e5  0.025  0.006   0.006    0.005    0.005
485  c3 ~~  e6  0.468 -0.032  -0.032   -0.022   -0.022
486  c3 ~~  f1  7.636 -0.123  -0.123   -0.084   -0.084
487  c3 ~~  f2  0.245 -0.019  -0.019   -0.013   -0.013
488  c3 ~~  f3  0.159  0.015   0.015    0.010    0.010
489  c3 ~~  f4  0.050  0.009   0.009    0.006    0.006
490  c3 ~~  f5  0.963  0.045   0.045    0.027    0.027
491  c4 ~~  c5  5.367  0.090   0.090    0.071    0.071
492  c4 ~~  c6  2.163 -0.070  -0.070   -0.049   -0.049
493  c4 ~~  c7  1.659 -0.062  -0.062   -0.042   -0.042
494  c4 ~~  e1  0.005 -0.003  -0.003   -0.002   -0.002
495  c4 ~~  e2  0.236 -0.016  -0.016   -0.013   -0.013
496  c4 ~~  e3  4.642  0.076   0.076    0.058    0.058
497  c4 ~~  e4  1.346 -0.037  -0.037   -0.029   -0.029
498  c4 ~~  e5  0.452 -0.023  -0.023   -0.019   -0.019
499  c4 ~~  e6  0.003  0.002   0.002    0.002    0.002
500  c4 ~~  f1  0.231  0.018   0.018    0.014    0.014
501  c4 ~~  f2  1.497  0.040   0.040    0.030    0.030
502  c4 ~~  f3  0.359  0.020   0.020    0.014    0.014
503  c4 ~~  f4  1.198 -0.038  -0.038   -0.029   -0.029
504  c4 ~~  f5  7.393 -0.108  -0.108   -0.072   -0.072
505  c5 ~~  c6 13.532  0.175   0.175    0.116    0.116
506  c5 ~~  c7  0.992 -0.048  -0.048   -0.031   -0.031
507  c5 ~~  e1  1.417 -0.043  -0.043   -0.033   -0.033
508  c5 ~~  e2  0.077 -0.009  -0.009   -0.007   -0.007
509  c5 ~~  e3  1.765 -0.046  -0.046   -0.034   -0.034
510  c5 ~~  e4  0.284 -0.017  -0.017   -0.013   -0.013
511  c5 ~~  e5  2.770  0.055   0.055    0.045    0.045
512  c5 ~~  e6  0.032 -0.007  -0.007   -0.005   -0.005
513  c5 ~~  f1  1.394  0.044   0.044    0.033    0.033
514  c5 ~~  f2  0.010  0.003   0.003    0.002    0.002
515  c5 ~~  f3  1.468 -0.039  -0.039   -0.027   -0.027
516  c5 ~~  f4  0.336  0.020   0.020    0.014    0.014
517  c5 ~~  f5  0.152  0.015   0.015    0.010    0.010
518  c6 ~~  c7 12.583  0.208   0.208    0.120    0.120
519  c6 ~~  e1  8.356 -0.131  -0.131   -0.089   -0.089
520  c6 ~~  e2  4.376 -0.087  -0.087   -0.059   -0.059
521  c6 ~~  e3  0.333  0.025   0.025    0.016    0.016
522  c6 ~~  e4  0.480  0.027   0.027    0.018    0.018
523  c6 ~~  e5  4.420  0.087   0.087    0.062    0.062
524  c6 ~~  e6  0.089  0.015   0.015    0.009    0.009
525  c6 ~~  f1  0.259  0.024   0.024    0.015    0.015
526  c6 ~~  f2  3.567  0.075   0.075    0.048    0.048
527  c6 ~~  f3  0.660 -0.032  -0.032   -0.020   -0.020
528  c6 ~~  f4  0.061 -0.011  -0.011   -0.007   -0.007
529  c6 ~~  f5  0.087  0.014   0.014    0.008    0.008
530  c7 ~~  e1  4.220  0.094   0.094    0.063    0.063
531  c7 ~~  e2  0.891  0.039   0.039    0.027    0.027
532  c7 ~~  e3  0.030  0.008   0.008    0.005    0.005
533  c7 ~~  e4  0.841 -0.036  -0.036   -0.023   -0.023
534  c7 ~~  e5  0.228 -0.020  -0.020   -0.014   -0.014
535  c7 ~~  e6  0.220 -0.023  -0.023   -0.015   -0.015
536  c7 ~~  f1  2.678 -0.077  -0.077   -0.049   -0.049
537  c7 ~~  f2  0.508  0.029   0.029    0.018    0.018
538  c7 ~~  f3  0.439 -0.027  -0.027   -0.016   -0.016
539  c7 ~~  f4  0.587  0.033   0.033    0.021    0.021
540  c7 ~~  f5 11.501  0.166   0.166    0.093    0.093
541  e1 ~~  e2  9.831  0.110   0.110    0.087    0.087
542  e1 ~~  e3  0.935  0.035   0.035    0.027    0.027
543  e1 ~~  e4  1.032  0.034   0.034    0.026    0.026
544  e1 ~~  e5 10.704 -0.113  -0.113   -0.094   -0.094
545  e1 ~~  e6 12.137 -0.142  -0.142   -0.106   -0.106
546  e1 ~~  f1  0.069  0.010   0.010    0.007    0.007
547  e1 ~~  f2  0.004  0.002   0.002    0.002    0.002
548  e1 ~~  f3  3.011 -0.056  -0.056   -0.040   -0.040
549  e1 ~~  f4  0.656 -0.028  -0.028   -0.020   -0.020
550  e1 ~~  f5  3.190  0.070   0.070    0.046    0.046
551  e2 ~~  e3  0.000  0.001   0.001    0.000    0.000
552  e2 ~~  e4 14.025  0.121   0.121    0.094    0.094
553  e2 ~~  e5  6.320 -0.081  -0.081   -0.068   -0.068
554  e2 ~~  e6  5.297 -0.087  -0.087   -0.065   -0.065
555  e2 ~~  f1  1.336  0.040   0.040    0.030    0.030
556  e2 ~~  f2  0.511  0.021   0.021    0.016    0.016
557  e2 ~~  f3  3.121 -0.052  -0.052   -0.037   -0.037
558  e2 ~~  f4  0.147 -0.012  -0.012   -0.009   -0.009
559  e2 ~~  f5  0.195 -0.016  -0.016   -0.010   -0.010
560  e3 ~~  e4  0.471  0.023   0.023    0.017    0.017
561  e3 ~~  e5  1.650 -0.043  -0.043   -0.035   -0.035
562  e3 ~~  e6  0.238 -0.019  -0.019   -0.014   -0.014
563  e3 ~~  f1  0.524  0.026   0.026    0.019    0.019
564  e3 ~~  f2  0.671  0.025   0.025    0.018    0.018
565  e3 ~~  f3  0.077  0.008   0.008    0.006    0.006
566  e3 ~~  f4  2.224 -0.049  -0.049   -0.034   -0.034
567  e3 ~~  f5  0.107 -0.012  -0.012   -0.008   -0.008
568  e4 ~~  e5  0.904 -0.030  -0.030   -0.024   -0.024
569  e4 ~~  e6  7.201 -0.098  -0.098   -0.071   -0.071
570  e4 ~~  f1  0.178 -0.014  -0.014   -0.010   -0.010
571  e4 ~~  f2  0.000  0.000   0.000    0.000    0.000
572  e4 ~~  f3  0.124 -0.010  -0.010   -0.007   -0.007
573  e4 ~~  f4  1.976  0.042   0.042    0.030    0.030
574  e4 ~~  f5  1.559 -0.042  -0.042   -0.027   -0.027
575  e5 ~~  e6 40.246  0.238   0.238    0.187    0.187
576  e5 ~~  f1  1.829 -0.046  -0.046   -0.037   -0.037
577  e5 ~~  f2  0.337 -0.017  -0.017   -0.013   -0.013
578  e5 ~~  f3  2.444  0.046   0.046    0.035    0.035
579  e5 ~~  f4  0.334 -0.018  -0.018   -0.014   -0.014
580  e5 ~~  f5  6.267  0.089   0.089    0.062    0.062
581  e6 ~~  f1  2.339  0.063   0.063    0.044    0.044
582  e6 ~~  f2  0.000 -0.001  -0.001    0.000    0.000
583  e6 ~~  f3  0.081  0.010   0.010    0.007    0.007
584  e6 ~~  f4  0.063 -0.009  -0.009   -0.006   -0.006
585  e6 ~~  f5  0.156 -0.017  -0.017   -0.010   -0.010
586  f1 ~~  f2  6.982  0.094   0.094    0.066    0.066
587  f1 ~~  f3  0.844 -0.033  -0.033   -0.023   -0.023
588  f1 ~~  f4  1.072 -0.039  -0.039   -0.027   -0.027
589  f1 ~~  f5  5.043 -0.096  -0.096   -0.060   -0.060
590  f2 ~~  f3  1.151  0.037   0.037    0.025    0.025
591  f2 ~~  f4  7.133 -0.093  -0.093   -0.063   -0.063
592  f2 ~~  f5  0.906 -0.037  -0.037   -0.023   -0.023
593  f3 ~~  f4  3.812  0.069   0.069    0.046    0.046
594  f3 ~~  f5  1.401 -0.047  -0.047   -0.028   -0.028
595  f4 ~~  f5  8.819  0.120   0.120    0.073    0.073
>
>
> dta.mod1 <- '
+ a =~ a1+a2+a3+a4+a5+a6+a7
+ b =~ b1+b2+b3+b4+b5
+ c =~ c1+c2+c3+c4+c5+c6+c7
+ e =~ e1+e2+e3+e4+e5+e6
+ f =~ f1+f2+f3+f4+f5
+ '
>
> fit <- cfa(dta.mod1, data=dta.nona,std.lv=TRUE)
>
> summary(fit, fit.measures=TRUE)
lavaan (0.5-23.1097) converged normally after  30 iterations

  Number of observations                           374

  Estimator                                         ML
  Minimum Function Test Statistic              940.097
  Degrees of freedom                               395
  P-value (Chi-square)                           0.000

Model test baseline model:

  Minimum Function Test Statistic             6296.893
  Degrees of freedom                               435
  P-value                                        0.000

User model versus baseline model:

  Comparative Fit Index (CFI)                    0.907
  Tucker-Lewis Index (TLI)                       0.898

Loglikelihood and Information Criteria:

  Loglikelihood user model (H0)             -15575.072
  Loglikelihood unrestricted model (H1)     -15105.023

  Number of free parameters                         70
  Akaike (AIC)                               31290.143
  Bayesian (BIC)                             31564.841
  Sample-size adjusted Bayesian (BIC)        31342.751

Root Mean Square Error of Approximation:

  RMSEA                                          0.061
  90 Percent Confidence Interval          0.056  0.066
  P-value RMSEA <= 0.05                          0.000

Standardized Root Mean Square Residual:

  SRMR                                           0.050

Parameter Estimates:

  Information                                 Expected
  Standard Errors                             Standard

Latent Variables:
                   Estimate  Std.Err  z-value  P(>|z|)
  a =~
    a1                0.995    0.061   16.222    0.000
    a2                1.104    0.062   17.800    0.000
    a3                1.047    0.062   16.980    0.000
    a4                0.822    0.066   12.517    0.000
    a5                0.143    0.076    1.877    0.061
    a6                0.862    0.069   12.584    0.000
    a7                0.927    0.074   12.476    0.000
  b =~
    b1                0.885    0.053   16.647    0.000
    b2                0.977    0.055   17.800    0.000
    b3                0.781    0.052   14.970    0.000
    b4                0.880    0.055   15.948    0.000
    b5                0.735    0.060   12.318    0.000
  c =~
    c1                0.844    0.054   15.504    0.000
    c2                0.858    0.057   14.919    0.000
    c3                0.781    0.060   13.006    0.000
    c4                0.750    0.053   14.245    0.000
    c5                0.842    0.053   15.779    0.000
    c6                0.841    0.064   13.216    0.000
    c7                0.859    0.064   13.413    0.000
  e =~
    e1                0.796    0.053   15.148    0.000
    e2                0.867    0.050   17.207    0.000
    e3                0.918    0.053   17.378    0.000
    e4                0.961    0.050   19.284    0.000
    e5                0.789    0.049   16.102    0.000
    e6                0.810    0.056   14.378    0.000
  f =~
    f1                0.849    0.055   15.517    0.000
    f2                1.004    0.052   19.415    0.000
    f3                1.049    0.053   19.931    0.000
    f4                0.970    0.054   18.078    0.000
    f5                1.067    0.060   17.740    0.000

Covariances:
                   Estimate  Std.Err  z-value  P(>|z|)
  a ~~
    b                 0.503    0.047   10.649    0.000
    c                 0.510    0.047   10.937    0.000
    e                 0.446    0.049    9.179    0.000
    f                 0.496    0.046   10.818    0.000
  b ~~
    c                 0.783    0.029   26.624    0.000
    e                 0.660    0.037   17.853    0.000
    f                 0.638    0.038   16.750    0.000
  c ~~
    e                 0.640    0.038   16.824    0.000
    f                 0.595    0.041   14.672    0.000
  e ~~
    f                 0.675    0.034   19.686    0.000

Variances:
                   Estimate  Std.Err  z-value  P(>|z|)
   .a1                0.758    0.069   11.051    0.000
   .a2                0.670    0.067   10.012    0.000
   .a3                0.718    0.068   10.599    0.000
   .a4                1.092    0.088   12.448    0.000
   .a5                1.891    0.139   13.654    0.000
   .a6                1.185    0.095   12.430    0.000
   .a7                1.400    0.112   12.458    0.000
   .b1                0.563    0.051   11.134    0.000
   .b2                0.540    0.052   10.438    0.000
   .b3                0.613    0.052   11.867    0.000
   .b4                0.640    0.056   11.472    0.000
   .b5                0.924    0.073   12.621    0.000
   .c1                0.645    0.055   11.700    0.000
   .c2                0.748    0.063   11.917    0.000
   .c3                0.908    0.073   12.478    0.000
   .c4                0.653    0.054   12.138    0.000
   .c5                0.608    0.052   11.588    0.000
   .c6                1.008    0.081   12.426    0.000
   .c7                1.011    0.082   12.375    0.000
   .e1                0.636    0.052   12.230    0.000
   .e2                0.504    0.044   11.500    0.000
   .e3                0.546    0.048   11.423    0.000
   .e4                0.401    0.039   10.307    0.000
   .e5                0.518    0.043   11.931    0.000
   .e6                0.765    0.062   12.434    0.000
   .f1                0.682    0.056   12.273    0.000
   .f2                0.433    0.041   10.545    0.000
   .f3                0.421    0.041   10.158    0.000
   .f4                0.536    0.047   11.329    0.000
   .f5                0.695    0.061   11.488    0.000
    a                 1.000
    b                 1.000
    c                 1.000
    e                 1.000
    f                 1.000

>
> modi <-modindices(fit)

>
> modi[order(-modi$mi),][1:10,]
    lhs op rhs     mi    epc sepc.lv sepc.all sepc.nox
495  c2 ~~  c3 72.039  0.415   0.415    0.276    0.276
331  a6 ~~  a7 68.293  0.615   0.615    0.295    0.295
378  b1 ~~  b2 41.364  0.262   0.262    0.185    0.185
610  e5 ~~  e6 40.254  0.238   0.238    0.187    0.187
402  b2 ~~  b5 25.269 -0.228  -0.228   -0.154   -0.154
93    a =~  e6 24.577  0.293   0.293    0.246    0.246
225  a2 ~~  a3 24.463  0.280   0.280    0.151    0.151
255  a3 ~~  a6 18.198 -0.254  -0.254   -0.136   -0.136
107   b =~  c2 16.311 -0.425  -0.425   -0.349   -0.349
497  c2 ~~  c5 15.816 -0.168  -0.168   -0.121   -0.121
> modi <-modindices(fit)
>
>
>
>
>
>
> dta.mod2.data <- dta.nona[c(-6,-15)]
> fit <- cfa(dta.mod2, data=dta.mod2.data,std.lv=TRUE)
Error in lav_data_full(data = data, group = group, cluster = cluster,  :
  lavaan ERROR: missing observed variables in dataset: a6 c3
>
> summary(fit, fit.measures=TRUE)
lavaan (0.5-23.1097) converged normally after  30 iterations

  Number of observations                           374

  Estimator                                         ML
  Minimum Function Test Statistic              940.097
  Degrees of freedom                               395
  P-value (Chi-square)                           0.000

Model test baseline model:

  Minimum Function Test Statistic             6296.893
  Degrees of freedom                               435
  P-value                                        0.000

User model versus baseline model:

  Comparative Fit Index (CFI)                    0.907
  Tucker-Lewis Index (TLI)                       0.898

Loglikelihood and Information Criteria:

  Loglikelihood user model (H0)             -15575.072
  Loglikelihood unrestricted model (H1)     -15105.023

  Number of free parameters                         70
  Akaike (AIC)                               31290.143
  Bayesian (BIC)                             31564.841
  Sample-size adjusted Bayesian (BIC)        31342.751

Root Mean Square Error of Approximation:

  RMSEA                                          0.061
  90 Percent Confidence Interval          0.056  0.066
  P-value RMSEA <= 0.05                          0.000

Standardized Root Mean Square Residual:

  SRMR                                           0.050

Parameter Estimates:

  Information                                 Expected
  Standard Errors                             Standard

Latent Variables:
                   Estimate  Std.Err  z-value  P(>|z|)
  a =~
    a1                0.995    0.061   16.222    0.000
    a2                1.104    0.062   17.800    0.000
    a3                1.047    0.062   16.980    0.000
    a4                0.822    0.066   12.517    0.000
    a5                0.143    0.076    1.877    0.061
    a6                0.862    0.069   12.584    0.000
    a7                0.927    0.074   12.476    0.000
  b =~
    b1                0.885    0.053   16.647    0.000
    b2                0.977    0.055   17.800    0.000
    b3                0.781    0.052   14.970    0.000
    b4                0.880    0.055   15.948    0.000
    b5                0.735    0.060   12.318    0.000
  c =~
    c1                0.844    0.054   15.504    0.000
    c2                0.858    0.057   14.919    0.000
    c3                0.781    0.060   13.006    0.000
    c4                0.750    0.053   14.245    0.000
    c5                0.842    0.053   15.779    0.000
    c6                0.841    0.064   13.216    0.000
    c7                0.859    0.064   13.413    0.000
  e =~
    e1                0.796    0.053   15.148    0.000
    e2                0.867    0.050   17.207    0.000
    e3                0.918    0.053   17.378    0.000
    e4                0.961    0.050   19.284    0.000
    e5                0.789    0.049   16.102    0.000
    e6                0.810    0.056   14.378    0.000
  f =~
    f1                0.849    0.055   15.517    0.000
    f2                1.004    0.052   19.415    0.000
    f3                1.049    0.053   19.931    0.000
    f4                0.970    0.054   18.078    0.000
    f5                1.067    0.060   17.740    0.000

Covariances:
                   Estimate  Std.Err  z-value  P(>|z|)
  a ~~
    b                 0.503    0.047   10.649    0.000
    c                 0.510    0.047   10.937    0.000
    e                 0.446    0.049    9.179    0.000
    f                 0.496    0.046   10.818    0.000
  b ~~
    c                 0.783    0.029   26.624    0.000
    e                 0.660    0.037   17.853    0.000
    f                 0.638    0.038   16.750    0.000
  c ~~
    e                 0.640    0.038   16.824    0.000
    f                 0.595    0.041   14.672    0.000
  e ~~
    f                 0.675    0.034   19.686    0.000

Variances:
                   Estimate  Std.Err  z-value  P(>|z|)
   .a1                0.758    0.069   11.051    0.000
   .a2                0.670    0.067   10.012    0.000
   .a3                0.718    0.068   10.599    0.000
   .a4                1.092    0.088   12.448    0.000
   .a5                1.891    0.139   13.654    0.000
   .a6                1.185    0.095   12.430    0.000
   .a7                1.400    0.112   12.458    0.000
   .b1                0.563    0.051   11.134    0.000
   .b2                0.540    0.052   10.438    0.000
   .b3                0.613    0.052   11.867    0.000
   .b4                0.640    0.056   11.472    0.000
   .b5                0.924    0.073   12.621    0.000
   .c1                0.645    0.055   11.700    0.000
   .c2                0.748    0.063   11.917    0.000
   .c3                0.908    0.073   12.478    0.000
   .c4                0.653    0.054   12.138    0.000
   .c5                0.608    0.052   11.588    0.000
   .c6                1.008    0.081   12.426    0.000
   .c7                1.011    0.082   12.375    0.000
   .e1                0.636    0.052   12.230    0.000
   .e2                0.504    0.044   11.500    0.000
   .e3                0.546    0.048   11.423    0.000
   .e4                0.401    0.039   10.307    0.000
   .e5                0.518    0.043   11.931    0.000
   .e6                0.765    0.062   12.434    0.000
   .f1                0.682    0.056   12.273    0.000
   .f2                0.433    0.041   10.545    0.000
   .f3                0.421    0.041   10.158    0.000
   .f4                0.536    0.047   11.329    0.000
   .f5                0.695    0.061   11.488    0.000
    a                 1.000
    b                 1.000
    c                 1.000
    e                 1.000
    f                 1.000

>
> dta.mod3 <- '
+ a =~ a1+a2+a3+a4+a5+a7
+ b =~ b1+b2+b3+b4+b5
+ c =~ c1+c2+c4+c5+c6+c7
+ e =~ e1+e2+e3+e4+e5+e6
+ f =~ f1+f2+f3+f4+f5
+ '
>
>
> dta.mod2 <- '
+ a =~ a1+a2+a3+a4+a5+a7
+ b =~ b1+b2+b3+b4+b5
+ c =~ c1+c2+c4+c5+c6+c7
+ e =~ e1+e2+e3+e4+e5+e6
+ f =~ f1+f2+f3+f4+f5
+ '
>
> dta.mod2.data <- dta.nona[c(-6,-15)]
> fit <- cfa(dta.mod2, data=dta.mod2.data,std.lv=TRUE)
>
> summary(fit, fit.measures=TRUE)
lavaan (0.5-23.1097) converged normally after  30 iterations

  Number of observations                           374

  Estimator                                         ML
  Minimum Function Test Statistic              736.305
  Degrees of freedom                               340
  P-value (Chi-square)                           0.000

Model test baseline model:

  Minimum Function Test Statistic             5789.295
  Degrees of freedom                               378
  P-value                                        0.000

User model versus baseline model:

  Comparative Fit Index (CFI)                    0.927
  Tucker-Lewis Index (TLI)                       0.919

Loglikelihood and Information Criteria:

  Loglikelihood user model (H0)             -14464.644
  Loglikelihood unrestricted model (H1)     -14096.492

  Number of free parameters                         66
  Akaike (AIC)                               29061.289
  Bayesian (BIC)                             29320.290
  Sample-size adjusted Bayesian (BIC)        29110.890

Root Mean Square Error of Approximation:

  RMSEA                                          0.056
  90 Percent Confidence Interval          0.050  0.061
  P-value RMSEA <= 0.05                          0.041

Standardized Root Mean Square Residual:

  SRMR                                           0.048

Parameter Estimates:

  Information                                 Expected
  Standard Errors                             Standard

Latent Variables:
                   Estimate  Std.Err  z-value  P(>|z|)
  a =~
    a1                0.992    0.062   16.098    0.000
    a2                1.140    0.061   18.539    0.000
    a3                1.083    0.061   17.731    0.000
    a4                0.786    0.067   11.814    0.000
    a5                0.117    0.076    1.529    0.126
    a7                0.843    0.076   11.094    0.000
  b =~
    b1                0.887    0.053   16.697    0.000
    b2                0.979    0.055   17.870    0.000
    b3                0.780    0.052   14.955    0.000
    b4                0.878    0.055   15.915    0.000
    b5                0.734    0.060   12.305    0.000
  c =~
    c1                0.835    0.055   15.208    0.000
    c2                0.798    0.059   13.496    0.000
    c4                0.749    0.053   14.160    0.000
    c5                0.863    0.053   16.258    0.000
    c6                0.859    0.064   13.531    0.000
    c7                0.861    0.064   13.402    0.000
  e =~
    e1                0.795    0.053   15.129    0.000
    e2                0.868    0.050   17.219    0.000
    e3                0.918    0.053   17.383    0.000
    e4                0.962    0.050   19.290    0.000
    e5                0.789    0.049   16.097    0.000
    e6                0.809    0.056   14.366    0.000
  f =~
    f1                0.850    0.055   15.532    0.000
    f2                1.005    0.052   19.429    0.000
    f3                1.048    0.053   19.916    0.000
    f4                0.970    0.054   18.085    0.000
    f5                1.067    0.060   17.729    0.000

Covariances:
                   Estimate  Std.Err  z-value  P(>|z|)
  a ~~
    b                 0.494    0.048   10.358    0.000
    c                 0.507    0.048   10.658    0.000
    e                 0.434    0.049    8.809    0.000
    f                 0.499    0.046   10.899    0.000
  b ~~
    c                 0.808    0.028   28.651    0.000
    e                 0.660    0.037   17.848    0.000
    f                 0.638    0.038   16.763    0.000
  c ~~
    e                 0.645    0.038   16.777    0.000
    f                 0.612    0.040   15.230    0.000
  e ~~
    f                 0.675    0.034   19.685    0.000

Variances:
                   Estimate  Std.Err  z-value  P(>|z|)
   .a1                0.764    0.070   10.967    0.000
   .a2                0.590    0.065    9.008    0.000
   .a3                0.642    0.066    9.784    0.000
   .a4                1.150    0.091   12.572    0.000
   .a5                1.898    0.139   13.660    0.000
   .a7                1.548    0.122   12.733    0.000
   .b1                0.561    0.050   11.153    0.000
   .b2                0.536    0.051   10.447    0.000
   .b3                0.615    0.052   11.903    0.000
   .b4                0.644    0.056   11.525    0.000
   .b5                0.925    0.073   12.642    0.000
   .c1                0.660    0.057   11.630    0.000
   .c2                0.847    0.069   12.228    0.000
   .c4                0.654    0.054   12.020    0.000
   .c5                0.571    0.051   11.144    0.000
   .c6                0.976    0.080   12.218    0.000
   .c7                1.006    0.082   12.256    0.000
   .e1                0.637    0.052   12.232    0.000
   .e2                0.503    0.044   11.489    0.000
   .e3                0.545    0.048   11.415    0.000
   .e4                0.401    0.039   10.295    0.000
   .e5                0.519    0.043   11.929    0.000
   .e6                0.765    0.062   12.434    0.000
   .f1                0.681    0.056   12.271    0.000
   .f2                0.432    0.041   10.543    0.000
   .f3                0.422    0.041   10.178    0.000
   .f4                0.536    0.047   11.331    0.000
   .f5                0.696    0.061   11.498    0.000
    a                 1.000
    b                 1.000
    c                 1.000
    e                 1.000
    f                 1.000

>
>
>
>
> head(dta.mod2.data)
  a1 a2 a3 a4 a5 a7 b1 b2 b3 b4 b5 c1 c2 c4 c5 c6 c7 e1 e2 e3 e4 e5 e6 f1 f2 f3
1  2  3  2  4  7  2  4  4  5  5  4  4  2  5  4  4  3  2  4  4  3  4  3  5  3  3
2  2  1  2  2  4  4  5  5  5  6  4  4  4  4  4  4  5  4  4  5  5  4  4  5  5  5
3  4  4  4  4  4  4  4  5  4  5  4  4  4  4  4  4  4  4  4  5  5  5  5  5  5  4
4  2  2  3  2  2  2  5  5  4  4  4  2  2  4  3  1  1  2  2  2  2  3  4  5  3  3
5  5  7  5  5  4  7  6  5  6  6  6  4  5  7  5  4  5  6  5  7  6  4  6  6  6  6
6  2  4  4  2  3  2  4  4  3  4  2  1  2  4  2  1  1  4  4  5  4  4  5  5  5  5
  f4 f5
1  4  3
2  5  5
3  4  5
4  3  3
5  6  5
6  5  3
>
>
>
>
> dta.mod2 <- '
+ a =~ a1+a2+a3+a4+a7
+ b =~ b1+b2+b3+b4+b5
+ c =~ c1+c2+c4+c5+c6+c7
+ e =~ e1+e2+e3+e4+e5+e6
+ f =~ f1+f2+f3+f4+f5
+ '
>
> dta.mod2.data <- dta.nona[c(-5,-6,-15)]
> fit <- cfa(dta.mod2, data=dta.mod2.data,std.lv=TRUE)
>
> summary(fit, fit.measures=TRUE)
lavaan (0.5-23.1097) converged normally after  27 iterations

  Number of observations                           374

  Estimator                                         ML
  Minimum Function Test Statistic              694.529
  Degrees of freedom                               314
  P-value (Chi-square)                           0.000

Model test baseline model:

  Minimum Function Test Statistic             5745.200
  Degrees of freedom                               351
  P-value                                        0.000

User model versus baseline model:

  Comparative Fit Index (CFI)                    0.929
  Tucker-Lewis Index (TLI)                       0.921

Loglikelihood and Information Criteria:

  Loglikelihood user model (H0)             -13813.957
  Loglikelihood unrestricted model (H1)     -13466.693

  Number of free parameters                         64
  Akaike (AIC)                               27755.914
  Bayesian (BIC)                             28007.067
  Sample-size adjusted Bayesian (BIC)        27804.013

Root Mean Square Error of Approximation:

  RMSEA                                          0.057
  90 Percent Confidence Interval          0.051  0.063
  P-value RMSEA <= 0.05                          0.023

Standardized Root Mean Square Residual:

  SRMR                                           0.048

Parameter Estimates:

  Information                                 Expected
  Standard Errors                             Standard

Latent Variables:
                   Estimate  Std.Err  z-value  P(>|z|)
  a =~
    a1                0.992    0.062   16.096    0.000
    a2                1.143    0.061   18.600    0.000
    a3                1.084    0.061   17.743    0.000
    a4                0.782    0.067   11.744    0.000
    a7                0.842    0.076   11.068    0.000
  b =~
    b1                0.887    0.053   16.696    0.000
    b2                0.979    0.055   17.870    0.000
    b3                0.780    0.052   14.955    0.000
    b4                0.878    0.055   15.915    0.000
    b5                0.734    0.060   12.305    0.000
  c =~
    c1                0.835    0.055   15.209    0.000
    c2                0.798    0.059   13.495    0.000
    c4                0.749    0.053   14.161    0.000
    c5                0.863    0.053   16.257    0.000
    c6                0.859    0.064   13.531    0.000
    c7                0.861    0.064   13.400    0.000
  e =~
    e1                0.795    0.053   15.129    0.000
    e2                0.868    0.050   17.219    0.000
    e3                0.918    0.053   17.383    0.000
    e4                0.962    0.050   19.289    0.000
    e5                0.789    0.049   16.097    0.000
    e6                0.809    0.056   14.366    0.000
  f =~
    f1                0.850    0.055   15.532    0.000
    f2                1.005    0.052   19.430    0.000
    f3                1.048    0.053   19.917    0.000
    f4                0.970    0.054   18.084    0.000
    f5                1.067    0.060   17.729    0.000

Covariances:
                   Estimate  Std.Err  z-value  P(>|z|)
  a ~~
    b                 0.493    0.048   10.321    0.000
    c                 0.506    0.048   10.630    0.000
    e                 0.434    0.049    8.805    0.000
    f                 0.500    0.046   10.920    0.000
  b ~~
    c                 0.808    0.028   28.652    0.000
    e                 0.660    0.037   17.849    0.000
    f                 0.638    0.038   16.763    0.000
  c ~~
    e                 0.645    0.038   16.777    0.000
    f                 0.612    0.040   15.229    0.000
  e ~~
    f                 0.675    0.034   19.685    0.000

Variances:
                   Estimate  Std.Err  z-value  P(>|z|)
   .a1                0.765    0.070   10.974    0.000
   .a2                0.584    0.065    8.949    0.000
   .a3                0.641    0.066    9.779    0.000
   .a4                1.156    0.092   12.591    0.000
   .a7                1.551    0.122   12.741    0.000
   .b1                0.561    0.050   11.152    0.000
   .b2                0.536    0.051   10.447    0.000
   .b3                0.615    0.052   11.903    0.000
   .b4                0.644    0.056   11.525    0.000
   .b5                0.925    0.073   12.642    0.000
   .c1                0.660    0.057   11.629    0.000
   .c2                0.847    0.069   12.228    0.000
   .c4                0.654    0.054   12.019    0.000
   .c5                0.571    0.051   11.144    0.000
   .c6                0.976    0.080   12.217    0.000
   .c7                1.007    0.082   12.256    0.000
   .e1                0.637    0.052   12.232    0.000
   .e2                0.503    0.044   11.489    0.000
   .e3                0.545    0.048   11.415    0.000
   .e4                0.401    0.039   10.295    0.000
   .e5                0.519    0.043   11.929    0.000
   .e6                0.765    0.062   12.434    0.000
   .f1                0.681    0.056   12.271    0.000
   .f2                0.432    0.041   10.543    0.000
   .f3                0.422    0.041   10.178    0.000
   .f4                0.536    0.047   11.332    0.000
   .f5                0.696    0.061   11.498    0.000
    a                 1.000
    b                 1.000
    c                 1.000
    e                 1.000
    f                 1.000

>
>
>
>
>
> ?pdf
> page=pdf()
> ## EFA ##
>
> dta.raw <- read.csv("data3.csv", header=T)
> dta.d <- dta.raw[,c(-1,-32,-33)]
> dta.nona <- na.omit(dta.d)
>
> require(psych)
> library(GPArotation)
>
> KMO(dta.nona)
Kaiser-Meyer-Olkin factor adequacy
Call: KMO(r = dta.nona)
Overall MSA =  0.93
MSA for each item =
  a1   a2   a3   a4   a5   a6   a7   b1   b2   b3   b4   b5   c1   c2   c3   c4
0.91 0.89 0.91 0.91 0.59 0.89 0.87 0.94 0.93 0.95 0.94 0.93 0.94 0.90 0.91 0.95
  c5   c6   c7   e1   e2   e3   e4   e5   e6   f1   f2   f3   f4   f5
0.95 0.92 0.96 0.94 0.94 0.96 0.93 0.92 0.94 0.94 0.95 0.93 0.93 0.94
>
>
> print.psych(fa(dta.nona, nfactor = 5, fm = "pa", rotate = "promax"), cut = .3)
Factor Analysis using method =  pa
Call: fa(r = dta.nona, nfactors = 5, rotate = "promax", fm = "pa")
Standardized loadings (pattern matrix) based upon correlation matrix
     PA3   PA2   PA1   PA4   PA5    h2   u2 com
a1        0.79                   0.572 0.43 1.2
a2        0.74                   0.595 0.40 1.2
a3        0.69                   0.557 0.44 1.2
a4        0.62                   0.420 0.58 1.0
a5                               0.038 0.96 3.0
a6        0.67                   0.465 0.54 1.1
a7        0.68                   0.446 0.55 1.1
b1  0.74                         0.563 0.44 1.1
b2  0.76                         0.621 0.38 1.1
b3  0.76                         0.528 0.47 1.1
b4  0.74                         0.545 0.46 1.0
b5  0.57                         0.392 0.61 1.1
c1                          0.51 0.525 0.47 1.6
c2                          0.89 0.684 0.32 1.1
c3                          0.82 0.538 0.46 1.1
c4  0.43                    0.39 0.469 0.53 2.1
c5  0.45                    0.39 0.539 0.46 2.3
c6                          0.41 0.384 0.62 2.0
c7                          0.37 0.428 0.57 1.9
e1                    0.66       0.514 0.49 1.1
e2                    0.87       0.657 0.34 1.0
e3                    0.73       0.607 0.39 1.0
e4                    0.85       0.716 0.28 1.0
e5                    0.53       0.524 0.48 1.2
e6                    0.44       0.474 0.53 1.6
f1              0.64             0.563 0.44 1.6
f2              0.77             0.696 0.30 1.0
f3              0.81             0.707 0.29 1.0
f4              0.80             0.658 0.34 1.1
f5              0.69             0.622 0.38 1.1

                       PA3  PA2  PA1  PA4  PA5
SS loadings           3.60 3.11 3.54 3.24 2.56
Proportion Var        0.12 0.10 0.12 0.11 0.09
Cumulative Var        0.12 0.22 0.34 0.45 0.53
Proportion Explained  0.22 0.19 0.22 0.20 0.16
Cumulative Proportion 0.22 0.42 0.64 0.84 1.00

 With factor correlations of
     PA3  PA2  PA1  PA4  PA5
PA3 1.00 0.51 0.52 0.58 0.69
PA2 0.51 1.00 0.36 0.41 0.47
PA1 0.52 0.36 1.00 0.61 0.46
PA4 0.58 0.41 0.61 1.00 0.52
PA5 0.69 0.47 0.46 0.52 1.00

Mean item complexity =  1.3
Test of the hypothesis that 5 factors are sufficient.

The degrees of freedom for the null model are  435  and the objective function was  16.84 with Chi Square of  6097.66
The degrees of freedom for the model are 295  and the objective function was  1.85

The root mean square of the residuals (RMSR) is  0.03
The df corrected root mean square of the residuals is  0.04

The harmonic number of observations is  374 with the empirical chi square  316.97  with prob <  0.18
The total number of observations was  374  with Likelihood Chi Square =  664.33  with prob <  1.7e-30

Tucker Lewis Index of factoring reliability =  0.903
RMSEA index =  0.06  and the 90 % confidence intervals are  0.052 0.064
BIC =  -1083.33
Fit based upon off diagonal values = 0.99
Measures of factor score adequacy
                                                   PA3  PA2  PA1  PA4  PA5
Correlation of (regression) scores with factors   0.94 0.93 0.95 0.95 0.93
Multiple R square of scores with factors          0.89 0.87 0.90 0.90 0.87
Minimum correlation of possible factor scores     0.78 0.74 0.80 0.80 0.74
>
> dta.efa.del <- dta.nona[c(-5,-16,-17)]
> print.psych(fa(dta.efa.del, nfactor = 5, fm = "pa", rotate = "promax"), cut = .3)
Factor Analysis using method =  pa
Call: fa(r = dta.efa.del, nfactors = 5, rotate = "promax", fm = "pa")
Standardized loadings (pattern matrix) based upon correlation matrix
     PA3   PA4   PA2   PA1   PA5   h2   u2 com
a1              0.79             0.57 0.43 1.1
a2              0.76             0.61 0.39 1.1
a3              0.70             0.56 0.44 1.1
a4              0.62             0.41 0.59 1.1
a6              0.68             0.46 0.54 1.1
a7              0.69             0.44 0.56 1.1
b1                    0.74       0.56 0.44 1.1
b2                    0.74       0.61 0.39 1.0
b3                    0.80       0.54 0.46 1.1
b4                    0.79       0.57 0.43 1.0
b5                    0.60       0.40 0.60 1.2
c1                    0.33  0.50 0.52 0.48 1.8
c2                          0.93 0.75 0.25 1.1
c3                          0.81 0.55 0.45 1.0
c6                          0.35 0.34 0.66 2.2
c7                          0.35 0.42 0.58 2.0
e1        0.66                   0.51 0.49 1.1
e2        0.89                   0.66 0.34 1.0
e3        0.75                   0.61 0.39 1.0
e4        0.88                   0.72 0.28 1.0
e5        0.55                   0.53 0.47 1.2
e6        0.46                   0.48 0.52 1.5
f1  0.67                         0.56 0.44 1.5
f2  0.83                         0.70 0.30 1.0
f3  0.87                         0.71 0.29 1.0
f4  0.89                         0.67 0.33 1.1
f5  0.74                         0.62 0.38 1.1

                       PA3  PA4  PA2  PA1  PA5
SS loadings           3.55 3.28 3.10 3.04 2.08
Proportion Var        0.13 0.12 0.11 0.11 0.08
Cumulative Var        0.13 0.25 0.37 0.48 0.56
Proportion Explained  0.24 0.22 0.21 0.20 0.14
Cumulative Proportion 0.24 0.45 0.66 0.86 1.00

 With factor correlations of
     PA3  PA4  PA2  PA1  PA5
PA3 1.00 0.65 0.49 0.65 0.53
PA4 0.65 1.00 0.46 0.64 0.56
PA2 0.49 0.46 1.00 0.50 0.49
PA1 0.65 0.64 0.50 1.00 0.65
PA5 0.53 0.56 0.49 0.65 1.00

Mean item complexity =  1.2
Test of the hypothesis that 5 factors are sufficient.

The degrees of freedom for the null model are  351  and the objective function was  15.38 with Chi Square of  5585.77
The degrees of freedom for the model are 226  and the objective function was  1.54

The root mean square of the residuals (RMSR) is  0.03
The df corrected root mean square of the residuals is  0.04

The harmonic number of observations is  374 with the empirical chi square  248.47  with prob <  0.15
The total number of observations was  374  with Likelihood Chi Square =  553.41  with prob <  1.8e-29

Tucker Lewis Index of factoring reliability =  0.902
RMSEA index =  0.064  and the 90 % confidence intervals are  0.056 0.069
BIC =  -785.47
Fit based upon off diagonal values = 0.99
Measures of factor score adequacy
                                                   PA3  PA4  PA2  PA1  PA5
Correlation of (regression) scores with factors   0.96 0.95 0.94 0.94 0.93
Multiple R square of scores with factors          0.92 0.91 0.88 0.89 0.87
Minimum correlation of possible factor scores     0.84 0.81 0.75 0.78 0.74
>
>
> ## CFA ##
>
> require(corrplot)
>
> corrplot(cor(dta.nona), method="ellipse", type="lower", tl.col="black")
>
> my_summary <- function(x) {
+
+  require(moments)
+
+  funs <- c(mean, sd, skewness, kurtosis)
+
+  sapply(funs, function(f) f(x, na.rm = TRUE))
+
+ }
>
> dta_desc <- apply(dta.nona, 2, my_summary)
>
> rownames(dta_desc) <- c("平均", "標準差", "偏態", "峰度")
>
> rslt1 <- as.data.frame(t(dta_desc))
>
> round(rslt1,3)
    平均 標準差   偏態  峰度
a1 3.620  1.324  0.034 2.748
a2 4.024  1.377 -0.031 2.866
a3 3.813  1.349 -0.162 2.721
a4 3.537  1.331  0.022 2.667
a5 3.987  1.384 -0.195 2.851
a6 3.198  1.391  0.159 2.266
a7 3.187  1.505  0.232 2.271
b1 4.238  1.162 -0.246 3.550
b2 4.412  1.224 -0.235 3.144
b3 4.337  1.108 -0.148 3.638
b4 4.393  1.191 -0.222 3.359
b5 4.142  1.212 -0.037 3.472
c1 4.094  1.167 -0.243 3.566
c2 3.821  1.220 -0.081 3.279
c3 3.799  1.234 -0.232 3.287
c4 4.265  1.104 -0.357 3.880
c5 4.184  1.149 -0.194 3.304
c6 4.086  1.311 -0.158 2.893
c7 3.979  1.324 -0.155 3.038
e1 4.179  1.128  0.037 3.198
e2 4.166  1.122 -0.204 3.549
e3 4.471  1.180 -0.376 3.600
e4 4.270  1.153 -0.203 3.466
e5 4.364  1.069  0.133 3.640
e6 4.529  1.193 -0.037 3.264
f1 4.821  1.186 -0.239 3.263
f2 4.610  1.202 -0.208 2.987
f3 4.388  1.235 -0.254 3.408
f4 4.345  1.217 -0.137 3.264
f5 4.283  1.356 -0.103 2.842
>
> require(lavaan)
>
> dta.mod1 <- '
+ a =~ a1+a2+a3+a4+a5+a6+a7
+ b =~ b1+b2+b3+b4+b5
+ c =~ c1+c2+c3+c4+c5+c6+c7
+ e =~ e1+e2+e3+e4+e5+e6
+ f =~ f1+f2+f3+f4+f5
+ '
>
> fit <- cfa(dta.mod1, data=dta.nona,std.lv=TRUE)
>
> summary(fit, fit.measures=TRUE)
lavaan (0.5-23.1097) converged normally after  30 iterations

  Number of observations                           374

  Estimator                                         ML
  Minimum Function Test Statistic              940.097
  Degrees of freedom                               395
  P-value (Chi-square)                           0.000

Model test baseline model:

  Minimum Function Test Statistic             6296.893
  Degrees of freedom                               435
  P-value                                        0.000

User model versus baseline model:

  Comparative Fit Index (CFI)                    0.907
  Tucker-Lewis Index (TLI)                       0.898

Loglikelihood and Information Criteria:

  Loglikelihood user model (H0)             -15575.072
  Loglikelihood unrestricted model (H1)     -15105.023

  Number of free parameters                         70
  Akaike (AIC)                               31290.143
  Bayesian (BIC)                             31564.841
  Sample-size adjusted Bayesian (BIC)        31342.751

Root Mean Square Error of Approximation:

  RMSEA                                          0.061
  90 Percent Confidence Interval          0.056  0.066
  P-value RMSEA <= 0.05                          0.000

Standardized Root Mean Square Residual:

  SRMR                                           0.050

Parameter Estimates:

  Information                                 Expected
  Standard Errors                             Standard

Latent Variables:
                   Estimate  Std.Err  z-value  P(>|z|)
  a =~
    a1                0.995    0.061   16.222    0.000
    a2                1.104    0.062   17.800    0.000
    a3                1.047    0.062   16.980    0.000
    a4                0.822    0.066   12.517    0.000
    a5                0.143    0.076    1.877    0.061
    a6                0.862    0.069   12.584    0.000
    a7                0.927    0.074   12.476    0.000
  b =~
    b1                0.885    0.053   16.647    0.000
    b2                0.977    0.055   17.800    0.000
    b3                0.781    0.052   14.970    0.000
    b4                0.880    0.055   15.948    0.000
    b5                0.735    0.060   12.318    0.000
  c =~
    c1                0.844    0.054   15.504    0.000
    c2                0.858    0.057   14.919    0.000
    c3                0.781    0.060   13.006    0.000
    c4                0.750    0.053   14.245    0.000
    c5                0.842    0.053   15.779    0.000
    c6                0.841    0.064   13.216    0.000
    c7                0.859    0.064   13.413    0.000
  e =~
    e1                0.796    0.053   15.148    0.000
    e2                0.867    0.050   17.207    0.000
    e3                0.918    0.053   17.378    0.000
    e4                0.961    0.050   19.284    0.000
    e5                0.789    0.049   16.102    0.000
    e6                0.810    0.056   14.378    0.000
  f =~
    f1                0.849    0.055   15.517    0.000
    f2                1.004    0.052   19.415    0.000
    f3                1.049    0.053   19.931    0.000
    f4                0.970    0.054   18.078    0.000
    f5                1.067    0.060   17.740    0.000

Covariances:
                   Estimate  Std.Err  z-value  P(>|z|)
  a ~~
    b                 0.503    0.047   10.649    0.000
    c                 0.510    0.047   10.937    0.000
    e                 0.446    0.049    9.179    0.000
    f                 0.496    0.046   10.818    0.000
  b ~~
    c                 0.783    0.029   26.624    0.000
    e                 0.660    0.037   17.853    0.000
    f                 0.638    0.038   16.750    0.000
  c ~~
    e                 0.640    0.038   16.824    0.000
    f                 0.595    0.041   14.672    0.000
  e ~~
    f                 0.675    0.034   19.686    0.000

Variances:
                   Estimate  Std.Err  z-value  P(>|z|)
   .a1                0.758    0.069   11.051    0.000
   .a2                0.670    0.067   10.012    0.000
   .a3                0.718    0.068   10.599    0.000
   .a4                1.092    0.088   12.448    0.000
   .a5                1.891    0.139   13.654    0.000
   .a6                1.185    0.095   12.430    0.000
   .a7                1.400    0.112   12.458    0.000
   .b1                0.563    0.051   11.134    0.000
   .b2                0.540    0.052   10.438    0.000
   .b3                0.613    0.052   11.867    0.000
   .b4                0.640    0.056   11.472    0.000
   .b5                0.924    0.073   12.621    0.000
   .c1                0.645    0.055   11.700    0.000
   .c2                0.748    0.063   11.917    0.000
   .c3                0.908    0.073   12.478    0.000
   .c4                0.653    0.054   12.138    0.000
   .c5                0.608    0.052   11.588    0.000
   .c6                1.008    0.081   12.426    0.000
   .c7                1.011    0.082   12.375    0.000
   .e1                0.636    0.052   12.230    0.000
   .e2                0.504    0.044   11.500    0.000
   .e3                0.546    0.048   11.423    0.000
   .e4                0.401    0.039   10.307    0.000
   .e5                0.518    0.043   11.931    0.000
   .e6                0.765    0.062   12.434    0.000
   .f1                0.682    0.056   12.273    0.000
   .f2                0.433    0.041   10.545    0.000
   .f3                0.421    0.041   10.158    0.000
   .f4                0.536    0.047   11.329    0.000
   .f5                0.695    0.061   11.488    0.000
    a                 1.000
    b                 1.000
    c                 1.000
    e                 1.000
    f                 1.000

>
> modi <-modindices(fit)
>
> modi[order(-modi$mi),][1:10,]
    lhs op rhs     mi    epc sepc.lv sepc.all sepc.nox
495  c2 ~~  c3 72.039  0.415   0.415    0.276    0.276
331  a6 ~~  a7 68.293  0.615   0.615    0.295    0.295
378  b1 ~~  b2 41.364  0.262   0.262    0.185    0.185
610  e5 ~~  e6 40.254  0.238   0.238    0.187    0.187
402  b2 ~~  b5 25.269 -0.228  -0.228   -0.154   -0.154
93    a =~  e6 24.577  0.293   0.293    0.246    0.246
225  a2 ~~  a3 24.463  0.280   0.280    0.151    0.151
255  a3 ~~  a6 18.198 -0.254  -0.254   -0.136   -0.136
107   b =~  c2 16.311 -0.425  -0.425   -0.349   -0.349
497  c2 ~~  c5 15.816 -0.168  -0.168   -0.121   -0.121
>
> dta.mod2 <- '
+ a =~ a1+a2+a3+a4+a7
+ b =~ b1+b2+b3+b4+b5
+ c =~ c1+c2+c4+c5+c6+c7
+ e =~ e1+e2+e3+e4+e5+e6
+ f =~ f1+f2+f3+f4+f5
+ '
>
> dta.mod2.data <- dta.nona[c(-5,-6,-15)]
> fit <- cfa(dta.mod2, data=dta.mod2.data,std.lv=TRUE)
>
> summary(fit, fit.measures=TRUE)
lavaan (0.5-23.1097) converged normally after  27 iterations

  Number of observations                           374

  Estimator                                         ML
  Minimum Function Test Statistic              694.529
  Degrees of freedom                               314
  P-value (Chi-square)                           0.000

Model test baseline model:

  Minimum Function Test Statistic             5745.200
  Degrees of freedom                               351
  P-value                                        0.000

User model versus baseline model:

  Comparative Fit Index (CFI)                    0.929
  Tucker-Lewis Index (TLI)                       0.921

Loglikelihood and Information Criteria:

  Loglikelihood user model (H0)             -13813.957
  Loglikelihood unrestricted model (H1)     -13466.693

  Number of free parameters                         64
  Akaike (AIC)                               27755.914
  Bayesian (BIC)                             28007.067
  Sample-size adjusted Bayesian (BIC)        27804.013

Root Mean Square Error of Approximation:

  RMSEA                                          0.057
  90 Percent Confidence Interval          0.051  0.063
  P-value RMSEA <= 0.05                          0.023

Standardized Root Mean Square Residual:

  SRMR                                           0.048

Parameter Estimates:

  Information                                 Expected
  Standard Errors                             Standard

Latent Variables:
                   Estimate  Std.Err  z-value  P(>|z|)
  a =~
    a1                0.992    0.062   16.096    0.000
    a2                1.143    0.061   18.600    0.000
    a3                1.084    0.061   17.743    0.000
    a4                0.782    0.067   11.744    0.000
    a7                0.842    0.076   11.068    0.000
  b =~
    b1                0.887    0.053   16.696    0.000
    b2                0.979    0.055   17.870    0.000
    b3                0.780    0.052   14.955    0.000
    b4                0.878    0.055   15.915    0.000
    b5                0.734    0.060   12.305    0.000
  c =~
    c1                0.835    0.055   15.209    0.000
    c2                0.798    0.059   13.495    0.000
    c4                0.749    0.053   14.161    0.000
    c5                0.863    0.053   16.257    0.000
    c6                0.859    0.064   13.531    0.000
    c7                0.861    0.064   13.400    0.000
  e =~
    e1                0.795    0.053   15.129    0.000
    e2                0.868    0.050   17.219    0.000
    e3                0.918    0.053   17.383    0.000
    e4                0.962    0.050   19.289    0.000
    e5                0.789    0.049   16.097    0.000
    e6                0.809    0.056   14.366    0.000
  f =~
    f1                0.850    0.055   15.532    0.000
    f2                1.005    0.052   19.430    0.000
    f3                1.048    0.053   19.917    0.000
    f4                0.970    0.054   18.084    0.000
    f5                1.067    0.060   17.729    0.000

Covariances:
                   Estimate  Std.Err  z-value  P(>|z|)
  a ~~
    b                 0.493    0.048   10.321    0.000
    c                 0.506    0.048   10.630    0.000
    e                 0.434    0.049    8.805    0.000
    f                 0.500    0.046   10.920    0.000
  b ~~
    c                 0.808    0.028   28.652    0.000
    e                 0.660    0.037   17.849    0.000
    f                 0.638    0.038   16.763    0.000
  c ~~
    e                 0.645    0.038   16.777    0.000
    f                 0.612    0.040   15.229    0.000
  e ~~
    f                 0.675    0.034   19.685    0.000

Variances:
                   Estimate  Std.Err  z-value  P(>|z|)
   .a1                0.765    0.070   10.974    0.000
   .a2                0.584    0.065    8.949    0.000
   .a3                0.641    0.066    9.779    0.000
   .a4                1.156    0.092   12.591    0.000
   .a7                1.551    0.122   12.741    0.000
   .b1                0.561    0.050   11.152    0.000
   .b2                0.536    0.051   10.447    0.000
   .b3                0.615    0.052   11.903    0.000
   .b4                0.644    0.056   11.525    0.000
   .b5                0.925    0.073   12.642    0.000
   .c1                0.660    0.057   11.629    0.000
   .c2                0.847    0.069   12.228    0.000
   .c4                0.654    0.054   12.019    0.000
   .c5                0.571    0.051   11.144    0.000
   .c6                0.976    0.080   12.217    0.000
   .c7                1.007    0.082   12.256    0.000
   .e1                0.637    0.052   12.232    0.000
   .e2                0.503    0.044   11.489    0.000
   .e3                0.545    0.048   11.415    0.000
   .e4                0.401    0.039   10.295    0.000
   .e5                0.519    0.043   11.929    0.000
   .e6                0.765    0.062   12.434    0.000
   .f1                0.681    0.056   12.271    0.000
   .f2                0.432    0.041   10.543    0.000
   .f3                0.422    0.041   10.178    0.000
   .f4                0.536    0.047   11.332    0.000
   .f5                0.696    0.061   11.498    0.000
    a                 1.000
    b                 1.000
    c                 1.000
    e                 1.000
    f                 1.000

>
>
> close(page)
Error in UseMethod("close") :
  no applicable method for 'close' applied to an object of class "NULL"
> close
close                close.connection     close.socket         close.srcfilealias
closeAllConnections  close.screen         close.srcfile
> close
close                close.connection     close.socket         close.srcfilealias
closeAllConnections  close.screen         close.srcfile
> close('page')
Error in UseMethod("close") :
  no applicable method for 'close' applied to an object of class "character"
> close(page)
Error in UseMethod("close") :
  no applicable method for 'close' applied to an object of class "NULL"
>
> dev.off()
null device
          1
>
